windows=1219
detections=8
selected_packets=8
frame_valid=8/8
grlora_framesync_valid=3/8
grlora_preamble_max_abs_signed_bin=3172
grlora_fine_preamble_max_abs_signed_bin=947
sf=11
preamble_len=16
center_freq=4.877e+08
chirp_samples=8192
win_chirps=4
hop_samples=16384
min_periodic_peaks=6
align_chirps=4
frame_search_samples=1024
frame_symbol_search_span=2
sync_word=0x34
wrote=D:\Desktop\proj\gr-lora_sdr\weakPacket_decoding copy\data\baseline_comparison\real_iq_crc_batch_sf11_all_fastscreen_sample20m_hop2_probe3\sync_chain\1_0_15_11_2_16_sync_chain.csv
wrote_events=D:\Desktop\proj\gr-lora_sdr\weakPacket_decoding copy\data\baseline_comparison\real_iq_crc_batch_sf11_all_fastscreen_sample20m_hop2_probe3\events\1_0_15_11_2_16_events.csv
wrote_windows=D:\Desktop\proj\gr-lora_sdr\weakPacket_decoding copy\data\baseline_comparison\real_iq_crc_batch_sf11_all_fastscreen_sample20m_hop2_probe3\windows\1_0_15_11_2_16_windows.csv
