join: H1 23520 / H0 40320 单元（cert+dep+dera+dep2 四臂齐）
{
 "FAR=0.001 \u03b4=0": {
  "cert": -35.81818181818182,
  "dep": -31.896551724137932,
  "dera": -32.115107913669064,
  "dep2": -31.265822784810126,
  "dep2c": -32.8,
  "dep2_minus_dera": 0.8492851288589378,
  "cert_minus_dera": -3.703073904512756,
  "dep_minus_dera": 0.21855618953113165,
  "dep2_minus_cert": 4.552359033371694,
  "dep2c_minus_dera": -0.6848920863309331,
  "dep2c_minus_cert": 3.018181818181823,
  "thr_cert_db": 10.493079251250109,
  "thr_dep_db": 13.521843495176757,
  "thr_dera_db": 12.425786556843006,
  "thr_dep2_db": 11.999609674337146,
  "thr_dep2c_db": 13.606197145577578
 },
 "FAR=0.001 \u03b4=0.005": {
  "cert": -35.689655172413794,
  "dep": -32.03550295857988,
  "dera": -32.13157894736842,
  "dep2": -31.28395061728395,
  "dep2c": -32.76521739130435,
  "dep2_minus_dera": 0.8476283300844685,
  "cert_minus_dera": -3.558076225045376,
  "dep_minus_dera": 0.09607598878853452,
  "dep2_minus_cert": 4.405704555129844,
  "dep2c_minus_dera": -0.6336384439359293,
  "dep2c_minus_cert": 2.9244377811094466,
  "thr_cert_db": 10.347095590984814,
  "thr_dep_db": 13.804988741361463,
  "thr_dera_db": 12.477620760236723,
  "thr_dep2_db": 12.038647125047394,
  "thr_dep2c_db": 13.759550287205368
 },
 "FAR=0.001 \u03b4=0.01": {
  "cert": -36.0431654676259,
  "dep": -31.737704918032787,
  "dera": -31.892857142857142,
  "dep2": -31.0989010989011,
  "dep2c": -32.79611650485437,
  "dep2_minus_dera": 0.7939560439560438,
  "cert_minus_dera": -4.150308324768755,
  "dep_minus_dera": 0.15515222482435576,
  "dep2_minus_cert": 4.944264368724799,
  "dep2c_minus_dera": -0.9032593619972253,
  "dep2c_minus_cert": 3.2470489627715295,
  "thr_cert_db": 10.484822774017445,
  "thr_dep_db": 13.69153717932176,
  "thr_dera_db": 12.397568460245775,
  "thr_dep2_db": 11.788342364381554,
  "thr_dep2c_db": 13.580036620400485
 },
 "FAR=0.001 \u03b4=0.02": {
  "cert": -35.70967741935484,
  "dep": -32.041666666666664,
  "dera": -31.894736842105264,
  "dep2": -31.4025974025974,
  "dep2c": -32.91838565022422,
  "dep2_minus_dera": 0.4921394395078629,
  "cert_minus_dera": -3.814940577249576,
  "dep_minus_dera": -0.14692982456140058,
  "dep2_minus_cert": 4.307080016757439,
  "dep2c_minus_dera": -1.0236488081189528,
  "dep2c_minus_cert": 2.7912917691306234,
  "thr_cert_db": 10.318544878904625,
  "thr_dep_db": 13.689078807358843,
  "thr_dera_db": 12.465781878713484,
  "thr_dep2_db": 11.815297057492195,
  "thr_dep2c_db": 13.56033057636772
 },
 "FAR=0.001 \u03b4=0.04": {
  "cert": -35.86206896551724,
  "dep": -31.79310344827586,
  "dera": -31.925925925925927,
  "dep2": -31.545454545454547,
  "dep2c": -32.80963855421687,
  "dep2_minus_dera": 0.3804713804713806,
  "cert_minus_dera": -3.936143039591311,
  "dep_minus_dera": 0.13282247765006616,
  "dep2_minus_cert": 4.316614420062692,
  "dep2c_minus_dera": -0.8837126282909402,
  "dep2c_minus_cert": 3.052430411300371,
  "thr_cert_db": 10.61381287159252,
  "thr_dep_db": 13.567628878858866,
  "thr_dera_db": 12.792995903091136,
  "thr_dep2_db": 11.868015261358005,
  "thr_dep2c_db": 13.356756865404655
 },
 "FAR=0.001 \u03b4=0.082": {
  "cert": -35.57142857142857,
  "dep": -31.342105263157894,
  "dera": -30.9009009009009,
  "dep2": -30.929292929292927,
  "dep2c": -32.51764705882353,
  "dep2_minus_dera": -0.028392028392026702,
  "cert_minus_dera": -4.670527670527669,
  "dep_minus_dera": -0.4412043622569932,
  "dep2_minus_cert": 4.642135642135642,
  "dep2c_minus_dera": -1.616746157922627,
  "dep2c_minus_cert": 3.053781512605042,
  "thr_cert_db": 10.682033895749502,
  "thr_dep_db": 13.523690994291776,
  "thr_dera_db": 12.472330020790421,
  "thr_dep2_db": 11.95443652682256,
  "thr_dep2c_db": 13.641415112266406
 }
}
wl: {"FAR=0.001 \u03b4=0": {"win": 51, "loss": 358, "both": 2471, "dep2c_win": 238, "dep2c_loss": 29, "dep2c_both": 2800}, "FAR=0.001 \u03b4=0.005": {"win": 54, "loss": 332, "both": 2480, "dep2c_win": 206, "dep2c_loss": 25, "dep2c_both": 2787}, "FAR=0.001 \u03b4=0.01": {"win": 59, "loss": 345, "both": 2467, "dep2c_win": 245, "dep2c_loss": 28, "dep2c_both": 2756}, "FAR=0.001 \u03b4=0.02": {"win": 73, "loss": 344, "both": 2466, "dep2c_win": 191, "dep2c_loss": 20, "dep2c_both": 2507}, "FAR=0.001 \u03b4=0.04": {"win": 100, "loss": 287, "both": 2437, "dep2c_win": 216, "dep2c_loss": 20, "dep2c_both": 2044}, "FAR=0.001 \u03b4=0.082": {"win": 272, "loss": 139, "both": 2195, "dep2c_win": 496, "dep2c_loss": 4, "dep2c_both": 1750}}
→ m2_roc_results.json
