D:\Desktop\proj\gr-lora_sdr\weakPacket_decoding\data\experiments\dep_anchor_20261004\m2b_thr2d.py:49: ComplexWarning: Casting complex values to real discards the imaginary part
  return float(np.sum(b * ker * ph) / L["K_c"])
c_serp=969.392 m_eff=8.715 (13.3s)
{
 "c_serp_perblock": 969.3922112968382,
 "m_eff_blocks": 8.714581615163134,
 "c_serp_total": 8447.847542449763,
 "dep3a": {
  "mc_sec": 725.8978517055511,
  "q50": 5.584692666136476,
  "FAR=0.01": {
   "mc_db": 10.51007059410162,
   "closed_prod_db": 10.25527723074564,
   "closed_2d_db": 11.761241442370856,
   "dev_prod_pct": 6.042348238641582,
   "dev_2d_pct": -25.030793322961596,
   "far_at_2d": 0.00035
  },
  "FAR=0.001": {
   "mc_db": 11.432258384509913,
   "closed_prod_db": 11.142834818810696,
   "closed_2d_db": 12.399803343568852,
   "dev_prod_pct": 6.891299415783059,
   "dev_2d_pct": -19.971347561319174,
   "far_at_2d": 0.0
  }
 },
 "dep3b": {
  "mc_sec": 789.4691624641418,
  "q50": 6.541376028734858,
  "FAR=0.01": {
   "mc_db": 11.065762001176518,
   "ref_2d_db": 11.76125974371972,
   "far_at_ref": 0.0016
  },
  "FAR=0.001": {
   "mc_db": 11.886965720819568,
   "ref_2d_db": 12.399817954078515,
   "far_at_ref": 0.0003
  }
 }
}
done 1529s
