== native 门禁（28 帧，串行）==
  f00 sync=1 0/0 | 0/0 | 0/0
  f01 sync=1 0/0 | 0/0 | 0/0
  f02 sync=1 0/0 | 0/0 | 0/0
  f03 sync=1 0/0 | 0/0 | 0/0
  f04 sync=1 0/0 | 0/0 | 0/0
  f05 sync=1 0/0 | 0/0 | 0/0
  f06 sync=1 0/0 | 0/0 | 0/0
  f07 sync=1 0/0 | 0/0 | 0/0
  f08 sync=1 0/0 | 0/0 | 0/0
  f09 sync=1 0/0 | 0/0 | 0/0
  f10 sync=1 0/0 | 0/0 | 0/0
  f11 sync=1 0/0 | 0/0 | 0/0
  f12 sync=1 0/0 | 0/0 | 0/0
  f13 sync=1 0/0 | 0/0 | 0/0
  f14 sync=1 0/0 | 0/0 | 0/0
  f15 sync=1 0/0 | 0/0 | 0/0
  f16 sync=1 0/0 | 0/0 | 0/0
  f17 sync=1 0/0 | 0/0 | 0/0
  f18 sync=1 0/0 | 0/0 | 0/0
  f19 sync=1 0/0 | 0/0 | 0/0
  f20 sync=1 0/0 | 0/0 | 0/0
  f21 sync=1 0/0 | 0/0 | 0/0
  f22 sync=1 0/0 | 0/0 | 0/0
  f23 sync=1 0/0 | 0/0 | 0/0
  f24 sync=1 0/0 | 0/0 | 0/0
  f25 sync=1 0/0 | 0/0 | 0/0
  f26 sync=1 0/0 | 0/0 | 0/0
  f27 sync=1 0/0 | 0/0 | 0/0
sync DERA=28/28
DERA×SAVT SER=0.0000 PER=0.000
DERA×SAVT2 SER=0.0000 PER=0.000
DERA×DERA SER=0.0000 PER=0.000
