  f00 SAVT2 0/0 DERA 0/0 TRIMMER 11/0 UNICHIRP 31/1 OLDA 15/0
  f01 SAVT2 0/0 DERA 0/0 TRIMMER 7/1 UNICHIRP 30/1 OLDA 10/1
  f02 SAVT2 0/0 DERA 0/0 TRIMMER 0/0 UNICHIRP 7/0 OLDA 0/0
  f03 SAVT2 0/0 DERA 0/0 TRIMMER 0/0 UNICHIRP 28/1 OLDA 0/0
  f04 SAVT2 0/0 DERA 0/0 TRIMMER 0/0 UNICHIRP 28/1 OLDA 0/0
  f05 SAVT2 0/0 DERA 0/0 TRIMMER 0/0 UNICHIRP 26/1 OLDA 1/0
  f06 SAVT2 0/0 DERA 0/0 TRIMMER 0/0 UNICHIRP 35/1 OLDA 0/0
  f07 SAVT2 0/0 DERA 0/0 TRIMMER 11/1 UNICHIRP 30/1 OLDA 14/1
  f08 SAVT2 0/0 DERA 0/0 TRIMMER 0/0 UNICHIRP 35/1 OLDA 0/0
  f09 SAVT2 0/0 DERA 0/0 TRIMMER 0/0 UNICHIRP 8/0 OLDA 0/0
  f10 SAVT2 0/0 DERA 0/0 TRIMMER 0/0 UNICHIRP 26/1 OLDA 0/0
  f11 SAVT2 0/0 DERA 0/0 TRIMMER 0/0 UNICHIRP 27/1 OLDA 0/0
  f12 SAVT2 0/0 DERA 0/0 TRIMMER 0/0 UNICHIRP 7/0 OLDA 0/0
  f13 SAVT2 0/0 DERA 0/0 TRIMMER 7/1 UNICHIRP 29/1 OLDA 15/1
  f14 SAVT2 0/0 DERA 0/0 TRIMMER 0/0 UNICHIRP 27/1 OLDA 0/0
  f15 SAVT2 0/0 DERA 0/0 TRIMMER 0/0 UNICHIRP 28/1 OLDA 0/0
  f16 SAVT2 0/0 DERA 0/0 TRIMMER 7/1 UNICHIRP 1/0 OLDA 13/1
  f17 SAVT2 0/0 DERA 0/0 TRIMMER 0/0 UNICHIRP 4/0 OLDA 0/0
  f18 SAVT2 0/0 DERA 0/0 TRIMMER 1/1 UNICHIRP 30/1 OLDA 10/1
  f19 SAVT2 0/0 DERA 0/0 TRIMMER 6/0 UNICHIRP 29/1 OLDA 16/1
  f20 SAVT2 0/0 DERA 0/0 TRIMMER 3/1 UNICHIRP 28/1 OLDA 12/1
  f21 SAVT2 0/0 DERA 0/0 TRIMMER 0/0 UNICHIRP 14/1 OLDA 0/0
  f22 SAVT2 0/0 DERA 0/0 TRIMMER 2/0 UNICHIRP 27/1 OLDA 8/1
  f23 SAVT2 0/0 DERA 0/0 TRIMMER 0/0 UNICHIRP 12/0 OLDA 0/0
  f24 SAVT2 0/0 DERA 0/0 TRIMMER 0/0 UNICHIRP 28/1 OLDA 7/1
  f25 SAVT2 0/0 DERA 0/0 TRIMMER 0/0 UNICHIRP 24/1 OLDA 0/0
  f26 SAVT2 0/0 DERA 0/0 TRIMMER 0/0 UNICHIRP 28/1 OLDA 0/0
  f27 SAVT2 0/0 DERA 0/0 TRIMMER 0/0 UNICHIRP 24/1 OLDA 0/0
sync DERA=28/28
DERA×SAVT2 SER=0.0000 PER=0.000
DERA×DERA SER=0.0000 PER=0.000
DERA×TRIMMER SER=0.0561 PER=0.214
DERA×UNICHIRP SER=0.6643 PER=0.786
DERA×OLDA SER=0.1235 PER=0.321
