  f00 d2f=1 dera=1 FSAVT2 0/0 DSAVT2 0/0 DDERA 0/0 FDERADEC 0/0
  f01 d2f=1 dera=1 FSAVT2 0/0 DSAVT2 0/0 DDERA 0/0 FDERADEC 0/0
  f02 d2f=1 dera=1 FSAVT2 0/0 DSAVT2 0/0 DDERA 0/0 FDERADEC 0/0
  f03 d2f=1 dera=1 FSAVT2 0/0 DSAVT2 0/0 DDERA 0/0 FDERADEC 0/0
  f04 d2f=1 dera=1 FSAVT2 0/0 DSAVT2 0/0 DDERA 0/0 FDERADEC 0/0
  f05 d2f=1 dera=1 FSAVT2 0/0 DSAVT2 0/0 DDERA 0/0 FDERADEC 0/0
  f06 d2f=1 dera=1 FSAVT2 0/0 DSAVT2 0/0 DDERA 0/0 FDERADEC 0/0
  f07 d2f=1 dera=1 FSAVT2 0/0 DSAVT2 0/0 DDERA 0/0 FDERADEC 0/0
  f08 d2f=1 dera=1 FSAVT2 0/0 DSAVT2 0/0 DDERA 0/0 FDERADEC 0/0
  f09 d2f=1 dera=1 FSAVT2 0/0 DSAVT2 0/0 DDERA 0/0 FDERADEC 0/0
  f10 d2f=1 dera=1 FSAVT2 0/0 DSAVT2 0/0 DDERA 0/0 FDERADEC 0/0
  f11 d2f=1 dera=1 FSAVT2 0/0 DSAVT2 0/0 DDERA 0/0 FDERADEC 0/0
  f12 d2f=1 dera=1 FSAVT2 0/0 DSAVT2 0/0 DDERA 0/0 FDERADEC 0/0
  f13 d2f=1 dera=1 FSAVT2 0/0 DSAVT2 0/0 DDERA 0/0 FDERADEC 0/0
  f14 d2f=1 dera=1 FSAVT2 0/0 DSAVT2 0/0 DDERA 0/0 FDERADEC 0/0
  f15 d2f=1 dera=1 FSAVT2 0/0 DSAVT2 0/0 DDERA 0/0 FDERADEC 0/0
  f16 d2f=1 dera=1 FSAVT2 0/0 DSAVT2 0/0 DDERA 0/0 FDERADEC 0/0
D:\Desktop\proj\gr-lora_sdr\weakPacket_decoding\data\experiments\e2e_final_20261004\m3_core.py:201: RuntimeWarning: invalid value encountered in divide
  return dict(nu0h=nu0h, khat=khat, acq_score=best / (ka * sig2),
D:\Desktop\proj\gr-lora_sdr\weakPacket_decoding\data\experiments\dep_anchor_20261004\m2_core.py:224: RuntimeWarning: invalid value encountered in divide
  score = np.abs(bestT) ** 2 / (sig2 * L["K_c"])
  f17 d2f=1 dera=1 FSAVT2 0/0 DSAVT2 0/0 DDERA 0/0 FDERADEC 0/0
  f18 d2f=1 dera=1 FSAVT2 0/0 DSAVT2 0/0 DDERA 0/0 FDERADEC 0/0
  f19 d2f=1 dera=1 FSAVT2 0/0 DSAVT2 0/0 DDERA 0/0 FDERADEC 0/0
  f20 d2f=1 dera=1 FSAVT2 0/0 DSAVT2 0/0 DDERA 0/0 FDERADEC 0/0
  f21 d2f=1 dera=1 FSAVT2 0/0 DSAVT2 0/0 DDERA 0/0 FDERADEC 0/0
  f22 d2f=1 dera=1 FSAVT2 0/0 DSAVT2 0/0 DDERA 0/0 FDERADEC 0/0
  f23 d2f=1 dera=1 FSAVT2 0/0 DSAVT2 0/0 DDERA 0/0 FDERADEC 0/0
  f24 d2f=1 dera=1 FSAVT2 0/0 DSAVT2 0/0 DDERA 0/0 FDERADEC 0/0
  f25 d2f=1 dera=1 FSAVT2 0/0 DSAVT2 0/0 DDERA 0/0 FDERADEC 0/0
  f26 d2f=1 dera=1 FSAVT2 0/0 DSAVT2 0/0 DDERA 0/0 FDERADEC 0/0
  f27 d2f=1 dera=1 FSAVT2 0/0 DSAVT2 0/0 DDERA 0/0 FDERADEC 0/0
sync D2F=28/28 DERA=28/28
D2F×SAVT2 SER=0.0000 PER=0.000
DERA×SAVT2 SER=0.0000 PER=0.000
DERA×DERA SER=0.0000 PER=0.000
D2F×DERADEC SER=0.0000 PER=0.000
