待跑 448 单元
  28/448 (138s, 4.9s/u, ETA 35min)
  56/448 (283s, 5.1s/u, ETA 33min)
  84/448 (429s, 5.1s/u, ETA 31min)
  112/448 (567s, 5.1s/u, ETA 28min)
  140/448 (711s, 5.1s/u, ETA 26min)
  168/448 (853s, 5.1s/u, ETA 24min)
  196/448 (998s, 5.1s/u, ETA 21min)
  224/448 (1145s, 5.1s/u, ETA 19min)
  252/448 (1280s, 5.1s/u, ETA 17min)
  280/448 (1428s, 5.1s/u, ETA 14min)
  308/448 (1589s, 5.2s/u, ETA 12min)
  336/448 (1763s, 5.2s/u, ETA 10min)
  364/448 (1950s, 5.4s/u, ETA 7min)
  392/448 (2168s, 5.5s/u, ETA 5min)
  420/448 (2393s, 5.7s/u, ETA 3min)
  448/448 (2663s, 5.9s/u, ETA 0min)

v5 去混血战表（SER=同步成功单元内 / PER=含同步失败）
[ native] sync OURS=1.00 DERA=1.00 | OURS×SAVAUX 0.039/0.107 | OURS×SAVT2 0.000/0.000 | PRIOR×SAVT2 0.000/0.000 | DERA×SAVT2 0.000/0.000 | DERA×DERA 0.000/0.000 (n=28)
[    -17] sync OURS=0.99 DERA=1.00 | OURS×SAVAUX 0.153/0.179 | OURS×SAVT2 0.120/0.131 | PRIOR×SAVT2 0.000/0.000 | DERA×SAVT2 0.000/0.000 | DERA×DERA 0.003/0.000 (n=84)
[    -20] sync OURS=0.46 DERA=1.00 | OURS×SAVAUX 0.168/0.619 | OURS×SAVT2 0.155/0.607 | PRIOR×SAVT2 0.001/0.000 | DERA×SAVT2 0.001/0.000 | DERA×DERA 0.014/0.024 (n=84)
[    -22] sync OURS=0.11 DERA=0.99 | OURS×SAVAUX 0.610/0.964 | OURS×SAVT2 0.584/0.952 | PRIOR×SAVT2 0.036/0.036 | DERA×SAVT2 0.006/0.048 | DERA×DERA 0.033/0.107 (n=84)
[    -24] sync OURS=0.00 DERA=0.82 | OURS×SAVAUX 0.000/1.000 | OURS×SAVT2 0.000/1.000 | PRIOR×SAVT2 0.070/0.107 | DERA×SAVT2 0.044/0.262 | DERA×DERA 0.150/0.619 (n=84)
[    -26] sync OURS=0.00 DERA=0.19 | OURS×SAVAUX 0.000/1.000 | OURS×SAVT2 0.000/1.000 | PRIOR×SAVT2 0.369/0.964 | DERA×SAVT2 0.379/0.976 | DERA×DERA 0.521/1.000 (n=84)
2663s elapsed
