windows=2440
detections=0
selected_packets=0
frame_valid=0/0
grlora_framesync_valid=0/0
grlora_preamble_max_abs_signed_bin=
grlora_fine_preamble_max_abs_signed_bin=
sf=10
preamble_len=16
center_freq=4.877e+08
chirp_samples=4096
win_chirps=4
hop_samples=8192
min_periodic_peaks=13
align_chirps=4
frame_search_samples=512
frame_symbol_search_span=2
sync_word=0x34
wrote=D:\Desktop\proj\gr-lora_sdr\weakPacket_decoding copy\data\baseline_comparison\real_iq_crc_batch_param8_fastscreen_sample20m_hop2_probe3\sync_chain\0_0_0_10_14_16_sync_chain.csv
wrote_events=D:\Desktop\proj\gr-lora_sdr\weakPacket_decoding copy\data\baseline_comparison\real_iq_crc_batch_param8_fastscreen_sample20m_hop2_probe3\events\0_0_0_10_14_16_events.csv
wrote_windows=D:\Desktop\proj\gr-lora_sdr\weakPacket_decoding copy\data\baseline_comparison\real_iq_crc_batch_param8_fastscreen_sample20m_hop2_probe3\windows\0_0_0_10_14_16_windows.csv
