windows=2550
detections=14
selected_packets=12
frame_valid=9/12
grlora_framesync_valid=5/12
grlora_preamble_max_abs_signed_bin=7380
grlora_fine_preamble_max_abs_signed_bin=669
sf=12
preamble_len=16
center_freq=4.877e+08
chirp_samples=16384
win_chirps=4
hop_samples=16384
min_periodic_peaks=13
align_chirps=4
frame_search_samples=2048
frame_symbol_search_span=2
sync_word=0x34
wrote=D:\Desktop\proj\gr-lora_sdr\weakPacket_decoding copy\data\baseline_comparison\real_iq_crc_batch_representative_step8_probe4\sync_chain\1_0_16_12_14_16_sync_chain.csv
wrote_events=D:\Desktop\proj\gr-lora_sdr\weakPacket_decoding copy\data\baseline_comparison\real_iq_crc_batch_representative_step8_probe4\events\1_0_16_12_14_16_events.csv
wrote_windows=D:\Desktop\proj\gr-lora_sdr\weakPacket_decoding copy\data\baseline_comparison\real_iq_crc_batch_representative_step8_probe4\windows\1_0_16_12_14_16_windows.csv
