待跑 616 单元
  28/616 (115s)
  56/616 (244s)
  84/616 (377s)
  112/616 (504s)
  140/616 (628s)
  168/616 (752s)
  196/616 (873s)
  224/616 (1002s)
  252/616 (1135s)
  280/616 (1254s)
  308/616 (1394s)
  336/616 (1525s)
  364/616 (1654s)
  392/616 (1792s)
  420/616 (1925s)
  448/616 (2067s)
  476/616 (2220s)
  504/616 (2399s)
  532/616 (2569s)
  560/616 (2787s)
  588/616 (3010s)
  616/616 (3284s)

实验A系统战表（SER=前端同步成功单元内 / PER=含同步失败）
[ native] sync OURS=1.00 DERA=1.00 | OURS×TRIMMER 0.051/0.143 | OURS×TREL-5 0.000/0.000 | DERA×TRIMMER 0.056/0.214 | DERA×DERA 0.000/0.000 | DERA×TREL-5 0.000/0.000 (n=28)
3284s elapsed
