  70/700 (3.8min)
  140/700 (7.8min)
  210/700 (11.7min)
  280/700 (15.9min)
  350/700 (19.6min)
D:\Desktop\proj\gr-lora_sdr\weakPacket_decoding\data\experiments\e2e_final_20261004\m3_core.py:201: RuntimeWarning: invalid value encountered in divide
  return dict(nu0h=nu0h, khat=khat, acq_score=best / (ka * sig2),
  420/700 (23.0min)
D:\Desktop\proj\gr-lora_sdr\weakPacket_decoding\data\experiments\dep_anchor_20261004\m2_core.py:224: RuntimeWarning: invalid value encountered in divide
  score = np.abs(bestT) ** 2 / (sig2 * L["K_c"])
D:\Desktop\proj\gr-lora_sdr\weakPacket_decoding\data\experiments\e2e_final_20261004\m3_core.py:201: RuntimeWarning: invalid value encountered in divide
  return dict(nu0h=nu0h, khat=khat, acq_score=best / (ka * sig2),
D:\Desktop\proj\gr-lora_sdr\weakPacket_decoding\data\experiments\dep_anchor_20261004\m2_core.py:224: RuntimeWarning: invalid value encountered in divide
  score = np.abs(bestT) ** 2 / (sig2 * L["K_c"])
D:\Desktop\proj\gr-lora_sdr\weakPacket_decoding\data\experiments\e2e_final_20261004\m3_core.py:201: RuntimeWarning: invalid value encountered in divide
  return dict(nu0h=nu0h, khat=khat, acq_score=best / (ka * sig2),
D:\Desktop\proj\gr-lora_sdr\weakPacket_decoding\data\experiments\dep_anchor_20261004\m2_core.py:224: RuntimeWarning: invalid value encountered in divide
  score = np.abs(bestT) ** 2 / (sig2 * L["K_c"])
D:\Desktop\proj\gr-lora_sdr\weakPacket_decoding\data\experiments\e2e_final_20261004\m3_core.py:201: RuntimeWarning: invalid value encountered in divide
  return dict(nu0h=nu0h, khat=khat, acq_score=best / (ka * sig2),
D:\Desktop\proj\gr-lora_sdr\weakPacket_decoding\data\experiments\dep_anchor_20261004\m2_core.py:224: RuntimeWarning: invalid value encountered in divide
  score = np.abs(bestT) ** 2 / (sig2 * L["K_c"])
D:\Desktop\proj\gr-lora_sdr\weakPacket_decoding\data\experiments\e2e_final_20261004\m3_core.py:201: RuntimeWarning: invalid value encountered in divide
  return dict(nu0h=nu0h, khat=khat, acq_score=best / (ka * sig2),
D:\Desktop\proj\gr-lora_sdr\weakPacket_decoding\data\experiments\dep_anchor_20261004\m2_core.py:224: RuntimeWarning: invalid value encountered in divide
  score = np.abs(bestT) ** 2 / (sig2 * L["K_c"])
D:\Desktop\proj\gr-lora_sdr\weakPacket_decoding\data\experiments\e2e_final_20261004\m3_core.py:201: RuntimeWarning: invalid value encountered in divide
  return dict(nu0h=nu0h, khat=khat, acq_score=best / (ka * sig2),
D:\Desktop\proj\gr-lora_sdr\weakPacket_decoding\data\experiments\dep_anchor_20261004\m2_core.py:224: RuntimeWarning: invalid value encountered in divide
  score = np.abs(bestT) ** 2 / (sig2 * L["K_c"])
D:\Desktop\proj\gr-lora_sdr\weakPacket_decoding\data\experiments\e2e_final_20261004\m3_core.py:201: RuntimeWarning: invalid value encountered in divide
  return dict(nu0h=nu0h, khat=khat, acq_score=best / (ka * sig2),
D:\Desktop\proj\gr-lora_sdr\weakPacket_decoding\data\experiments\dep_anchor_20261004\m2_core.py:224: RuntimeWarning: invalid value encountered in divide
  score = np.abs(bestT) ** 2 / (sig2 * L["K_c"])
  490/700 (26.4min)
  560/700 (31.0min)
  630/700 (35.0min)
  700/700 (38.8min)
完成 700 单元，38.8min

DeRa 解码器消融（δ=0.02 fast 路径冻结参数，n=140/档）
SNR     | full(port) | nc(Trimmer) | fft(无两段) | s1(无φ̂₀) | noD0(无重试)
None    | PER 0.000 | PER 0.000 | PER 0.000 | PER 0.143 | PER 1.000
-24     | PER 0.086 | PER 0.550 | PER 1.000 | PER 0.529 | PER 1.000
-22     | PER 0.029 | PER 0.036 | PER 0.386 | PER 0.257 | PER 1.000
-20     | PER 0.014 | PER 0.014 | PER 0.050 | PER 0.157 | PER 1.000
-18     | PER 0.000 | PER 0.000 | PER 0.000 | PER 0.136 | PER 1.000

解剖（单候选，native 与 −24）
None   dc0.02 n=140 | full 0.000 | nc 0.143 | fft 0.143 | s1 0.643
None   dc0.01 n=140 | full 0.000 | nc 0.000 | fft 0.000 | s1 0.179
-24    dc0.02 n=140 | full 0.429 | nc 0.850 | fft 1.000 | s1 0.979
-24    dc0.01 n=140 | full 0.129 | nc 0.614 | fft 1.000 | s1 0.536
