待跑 588 单元
  49/588 (73s, 1.5s/u, ETA 13min)
  98/588 (137s, 1.4s/u, ETA 11min)
  147/588 (201s, 1.4s/u, ETA 10min)
  196/588 (264s, 1.3s/u, ETA 9min)
  245/588 (321s, 1.3s/u, ETA 8min)
  294/588 (389s, 1.3s/u, ETA 6min)
  343/588 (453s, 1.3s/u, ETA 5min)
  392/588 (520s, 1.3s/u, ETA 4min)
  441/588 (602s, 1.4s/u, ETA 3min)
  490/588 (698s, 1.4s/u, ETA 2min)
  539/588 (796s, 1.5s/u, ETA 1min)
  588/588 (907s, 1.5s/u, ETA 0min)

== 10 种子合并统计（v4b seeds0-2 + 本轮 3-9）==
[-20] n=280 | SAVT2 PER 0.007 [0.002,0.026]  DERA 0.014 [0.006,0.036]
      SER 0.0011 vs 0.0130 (den=9800) | McNemar b=3 c=1 p=6.25e-01
[-22] n=280 | SAVT2 PER 0.036 [0.020,0.064]  DERA 0.089 [0.061,0.128]
      SER 0.0045 vs 0.0279 (den=9730) | McNemar b=15 c=0 p=6.10e-05
[-24] n=280 | SAVT2 PER 0.268 [0.219,0.323]  DERA 0.657 [0.600,0.710]
      SER 0.0394 vs 0.1636 (den=7945) | McNemar b=112 c=3 p=1.22e-29
907s elapsed
