windows=609
detections=7
selected_packets=7
frame_valid=6/7
grlora_framesync_valid=6/7
grlora_preamble_max_abs_signed_bin=7273
grlora_fine_preamble_max_abs_signed_bin=1
sf=12
preamble_len=16
center_freq=4.877e+08
chirp_samples=16384
win_chirps=4
hop_samples=32768
min_periodic_peaks=6
align_chirps=4
frame_search_samples=2048
frame_symbol_search_span=2
sync_word=0x34
wrote=D:\Desktop\proj\gr-lora_sdr\weakPacket_decoding copy\data\baseline_comparison\real_iq_crc_batch_fastscreen_sample20m_hop2_probe3\sync_chain\1_1_1_12_14_16_sync_chain.csv
wrote_events=D:\Desktop\proj\gr-lora_sdr\weakPacket_decoding copy\data\baseline_comparison\real_iq_crc_batch_fastscreen_sample20m_hop2_probe3\events\1_1_1_12_14_16_events.csv
wrote_windows=D:\Desktop\proj\gr-lora_sdr\weakPacket_decoding copy\data\baseline_comparison\real_iq_crc_batch_fastscreen_sample20m_hop2_probe3\windows\1_1_1_12_14_16_windows.csv
