待跑 448 单元
  28/448 (41s, 1.5s/u, ETA 10min)
  56/448 (83s, 1.5s/u, ETA 10min)
  84/448 (118s, 1.4s/u, ETA 9min)
  112/448 (157s, 1.4s/u, ETA 8min)
  140/448 (195s, 1.4s/u, ETA 7min)
  168/448 (235s, 1.4s/u, ETA 7min)
  196/448 (270s, 1.4s/u, ETA 6min)
  224/448 (312s, 1.4s/u, ETA 5min)
  252/448 (349s, 1.4s/u, ETA 5min)
  280/448 (393s, 1.4s/u, ETA 4min)
  308/448 (439s, 1.4s/u, ETA 3min)
  336/448 (497s, 1.5s/u, ETA 3min)
  364/448 (550s, 1.5s/u, ETA 2min)
  392/448 (630s, 1.6s/u, ETA 1min)
  420/448 (702s, 1.7s/u, ETA 1min)
  448/448 (790s, 1.8s/u, ETA 0min)

v4 战表（SER=同步成功单元内 / PER=含同步失败）
[ native] sync DERA=1.00 | DERAfdc×SAVAUX 0.000/0.000 | DERA×SAVT 0.000/0.000 | DERAfdc×GAMMA 0.000/0.000 | DERA×DERA 0.000/0.000 (n=28)
[    -17] sync DERA=1.00 | DERAfdc×SAVAUX 0.002/0.000 | DERA×SAVT 0.000/0.000 | DERAfdc×GAMMA 0.001/0.000 | DERA×DERA 0.003/0.000 (n=84)
[    -20] sync DERA=1.00 | DERAfdc×SAVAUX 0.005/0.000 | DERA×SAVT 0.001/0.000 | DERAfdc×GAMMA 0.003/0.000 | DERA×DERA 0.014/0.024 (n=84)
[    -22] sync DERA=0.99 | DERAfdc×SAVAUX 0.025/0.071 | DERA×SAVT 0.006/0.048 | DERAfdc×GAMMA 0.011/0.060 | DERA×DERA 0.033/0.107 (n=84)
[    -24] sync DERA=0.82 | DERAfdc×SAVAUX 0.364/0.500 | DERA×SAVT 0.101/0.310 | DERAfdc×GAMMA 0.303/0.440 | DERA×DERA 0.150/0.619 (n=84)
[    -26] sync DERA=0.19 | DERAfdc×SAVAUX 0.834/1.000 | DERA×SAVT 0.441/0.988 | DERAfdc×GAMMA 0.843/1.000 | DERA×DERA 0.521/1.000 (n=84)
790s elapsed
