待跑 616 单元（12 workers）
  100/616 单元完成 (38s)
  200/616 单元完成 (65s)
  300/616 单元完成 (95s)
  400/616 单元完成 (133s)
  500/616 单元完成 (173s)
  600/616 单元完成 (218s)

DTS-1 容忍度表（SER；n=包数）
[   nu ε=+0.000 -20   ] PLAIN 0.421 | OLD-A 0.421 | TRIMMER 0.072 | DERA 0.007 | TREL-5 0.027 (n=28)
[   nu ε=+0.000 native] PLAIN 0.040 | OLD-A 0.040 | TRIMMER 0.032 | DERA 0.002 | TREL-5 0.000 (n=28)
[   nu ε=+0.050 -20   ] PLAIN 0.400 | OLD-A 0.400 | TRIMMER 0.077 | DERA 0.037 | TREL-5 0.037 (n=28)
[   nu ε=-0.050 -20   ] PLAIN 0.467 | OLD-A 0.467 | TRIMMER 0.059 | DERA 0.008 | TREL-5 0.002 (n=28)
[   nu ε=+0.050 native] PLAIN 0.039 | OLD-A 0.039 | TRIMMER 0.044 | DERA 0.035 | TREL-5 0.036 (n=28)
[   nu ε=-0.050 native] PLAIN 0.052 | OLD-A 0.052 | TRIMMER 0.043 | DERA 0.005 | TREL-5 0.000 (n=28)
[   nu ε=+0.100 -20   ] PLAIN 0.428 | OLD-A 0.428 | TRIMMER 0.137 | DERA 0.078 | TREL-5 0.057 (n=28)
[   nu ε=-0.100 -20   ] PLAIN 0.492 | OLD-A 0.492 | TRIMMER 0.076 | DERA 0.066 | TREL-5 0.067 (n=28)
[   nu ε=+0.100 native] PLAIN 0.035 | OLD-A 0.035 | TRIMMER 0.081 | DERA 0.067 | TREL-5 0.071 (n=28)
[   nu ε=-0.100 native] PLAIN 0.064 | OLD-A 0.064 | TRIMMER 0.063 | DERA 0.041 | TREL-5 0.036 (n=28)
[   nu ε=+0.200 -20   ] PLAIN 0.454 | OLD-A 0.454 | TRIMMER 0.238 | DERA 0.154 | TREL-5 0.239 (n=28)
[   nu ε=-0.200 -20   ] PLAIN 0.550 | OLD-A 0.550 | TRIMMER 0.128 | DERA 0.119 | TREL-5 0.132 (n=28)
[   nu ε=+0.200 native] PLAIN 0.063 | OLD-A 0.063 | TRIMMER 0.218 | DERA 0.205 | TREL-5 0.214 (n=28)
[   nu ε=-0.200 native] PLAIN 0.094 | OLD-A 0.094 | TRIMMER 0.122 | DERA 0.141 | TREL-5 0.143 (n=28)
[   nu ε=+0.300 -20   ] PLAIN 0.531 | OLD-A 0.531 | TRIMMER 0.389 | DERA 0.429 | TREL-5 0.431 (n=28)
[   nu ε=-0.300 -20   ] PLAIN 0.666 | OLD-A 0.666 | TRIMMER 0.195 | DERA 0.180 | TREL-5 0.180 (n=28)
[   nu ε=+0.300 native] PLAIN 0.103 | OLD-A 0.103 | TRIMMER 0.393 | DERA 0.421 | TREL-5 0.429 (n=28)
[   nu ε=-0.300 native] PLAIN 0.177 | OLD-A 0.177 | TRIMMER 0.188 | DERA 0.181 | TREL-5 0.179 (n=28)
[   nu ε=+0.500 -20   ] PLAIN 0.763 | OLD-A 0.763 | TRIMMER 0.647 | DERA 0.653 | TREL-5 0.680 (n=28)
[   nu ε=-0.500 -20   ] PLAIN 0.880 | OLD-A 0.880 | TRIMMER 0.374 | DERA 0.400 | TREL-5 0.359 (n=28)
[   nu ε=+0.500 native] PLAIN 0.317 | OLD-A 0.317 | TRIMMER 0.647 | DERA 0.644 | TREL-5 0.643 (n=28)
[   nu ε=-0.500 native] PLAIN 0.698 | OLD-A 0.698 | TRIMMER 0.353 | DERA 0.356 | TREL-5 0.357 (n=28)
223s elapsed
