SF11 有效帧数（原生 GT 可解 + CRC 通过）: 120
断点恢复：已有 74 个完成单元
待跑 4006 单元（12 workers）
  168/4006 单元完成 (215s)
  336/4006 单元完成 (316s)
  504/4006 单元完成 (420s)
  672/4006 单元完成 (523s)
  840/4006 单元完成 (625s)
  1008/4006 单元完成 (729s)
  1176/4006 单元完成 (833s)
  1344/4006 单元完成 (933s)
  1512/4006 单元完成 (1031s)
  1680/4006 单元完成 (1125s)
  1848/4006 单元完成 (1224s)
  2016/4006 单元完成 (1323s)
  2184/4006 单元完成 (1419s)
  2352/4006 单元完成 (1518s)
  2520/4006 单元完成 (1616s)
  2688/4006 单元完成 (1715s)
  2856/4006 单元完成 (1812s)
  3024/4006 单元完成 (1908s)
  3192/4006 单元完成 (2001s)
  3360/4006 单元完成 (2092s)
  3528/4006 单元完成 (2189s)
  3696/4006 单元完成 (2282s)
  3864/4006 单元完成 (2379s)

SF11 战表（SER / PER）
[  native] PLAIN 0.002/0.033 | OLD-A 0.002/0.000 | TRIMMER 0.016/0.000 | SAVAUX 0.001/0.000 | NEW-0 0.016/0.000 | TREL-5 0.000/0.000 | BCJR-5 0.013/0.000  (n=120)
[     -16] PLAIN 0.035/0.172 | OLD-A 0.035/0.083 | TRIMMER 0.028/0.033 | SAVAUX 0.008/0.033 | NEW-0 0.029/0.033 | TREL-5 0.015/0.039 | BCJR-5 0.020/0.031  (n=360)
[     -17] PLAIN 0.045/0.239 | OLD-A 0.045/0.092 | TRIMMER 0.030/0.042 | SAVAUX 0.010/0.044 | NEW-0 0.031/0.044 | TREL-5 0.020/0.050 | BCJR-5 0.023/0.044  (n=360)
[     -18] PLAIN 0.058/0.389 | OLD-A 0.058/0.122 | TRIMMER 0.033/0.050 | SAVAUX 0.014/0.053 | NEW-0 0.034/0.050 | TREL-5 0.024/0.047 | BCJR-5 0.026/0.047  (n=360)
[     -19] PLAIN 0.092/0.636 | OLD-A 0.092/0.328 | TRIMMER 0.040/0.072 | SAVAUX 0.018/0.061 | NEW-0 0.041/0.072 | TREL-5 0.025/0.072 | BCJR-5 0.032/0.058  (n=360)
[     -20] PLAIN 0.158/0.869 | OLD-A 0.158/0.647 | TRIMMER 0.046/0.069 | SAVAUX 0.024/0.072 | NEW-0 0.047/0.069 | TREL-5 0.033/0.069 | BCJR-5 0.036/0.069  (n=360)
[     -21] PLAIN 0.266/0.986 | OLD-A 0.266/0.906 | TRIMMER 0.055/0.075 | SAVAUX 0.029/0.078 | NEW-0 0.056/0.075 | TREL-5 0.040/0.075 | BCJR-5 0.044/0.075  (n=360)
[     -22] PLAIN 0.395/1.000 | OLD-A 0.395/1.000 | TRIMMER 0.060/0.078 | SAVAUX 0.036/0.078 | NEW-0 0.062/0.078 | TREL-5 0.035/0.081 | BCJR-5 0.048/0.081  (n=360)
[     -23] PLAIN 0.543/1.000 | OLD-A 0.543/1.000 | TRIMMER 0.069/0.092 | SAVAUX 0.044/0.089 | NEW-0 0.070/0.092 | TREL-5 0.043/0.092 | BCJR-5 0.057/0.092  (n=360)
[     -24] PLAIN 0.672/1.000 | OLD-A 0.672/1.000 | TRIMMER 0.082/0.117 | SAVAUX 0.059/0.133 | NEW-0 0.085/0.119 | TREL-5 0.059/0.108 | BCJR-5 0.068/0.094  (n=360)
[     -25] PLAIN 0.783/1.000 | OLD-A 0.783/1.000 | TRIMMER 0.110/0.203 | SAVAUX 0.093/0.339 | NEW-0 0.113/0.242 | TREL-5 0.080/0.175 | BCJR-5 0.089/0.150  (n=360)
[     -26] PLAIN 0.861/1.000 | OLD-A 0.861/1.000 | TRIMMER 0.159/0.564 | SAVAUX 0.156/0.617 | NEW-0 0.166/0.625 | TREL-5 0.133/0.542 | BCJR-5 0.129/0.389  (n=360)
2457s elapsed
