== codec validation（对齐 weak_decoder payload_codec）==
validate cr45: V1 interleave=True  V2 ref-RX=True  V3 my-RX=True  V4 crc=True
validate cr48: V1 interleave=True  V2 ref-RX=True  V3 my-RX=True  V4 crc=True

== M1 gate depth（P(CRC)=0.9 门深, per-sample dB, n=2000/gamma）==
 cr45 g=-17.50  A=0.000 B=0.000 B+=0.001
 cr45 g=-17.00  A=0.001 B=0.000 B+=0.001
 cr45 g=-16.50  A=0.000 B=0.000 B+=0.001
 cr45 g=-16.00  A=0.000 B=0.002 B+=0.006
 cr45 g=-15.50  A=0.000 B=0.017 B+=0.051
 cr45 g=-15.00  A=0.002 B=0.076 B+=0.183
 cr45 g=-14.50  A=0.005 B=0.239 B+=0.451
 cr45 g=-14.00  A=0.030 B=0.508 B+=0.713
 cr45 g=-13.50  A=0.102 B=0.768 B+=0.887
 cr45 g=-13.00  A=0.269 B=0.898 B+=0.960
 cr45 g=-12.50  A=0.474 B=0.975 B+=0.995
 cr45 g=-12.00  A=0.682 B=0.993 B+=0.997
 cr45 g=-11.50  A=0.842 B=1.000 B+=1.000
 cr45 g=-11.00  A=0.941 B=1.000 B+=1.000
 cr45 g=-10.50  A=0.978 B=1.000 B+=1.000
 cr45 g=-10.00  A=0.996 B=1.000 B+=1.000
 cr45 Pd.9 门深: A=-11.205583756345177 B=-12.990196078431373 B+=-13.413793103448276 | Pd.5: B=-14.014869888475836
 cr48 g=-17.50  A=0.000 B=0.001 B+=0.007
 cr48 g=-17.00  A=0.000 B=0.011 B+=0.045
 cr48 g=-16.50  A=0.000 B=0.073 B+=0.205
 cr48 g=-16.00  A=0.001 B=0.225 B+=0.487
 cr48 g=-15.50  A=0.002 B=0.508 B+=0.759
 cr48 g=-15.00  A=0.006 B=0.759 B+=0.917
 cr48 g=-14.50  A=0.033 B=0.919 B+=0.983
 cr48 g=-14.00  A=0.095 B=0.980 B+=0.996
 cr48 g=-13.50  A=0.228 B=0.998 B+=1.000
 cr48 g=-13.00  A=0.413 B=1.000 B+=1.000
 cr48 g=-12.50  A=0.616 B=1.000 B+=1.000
 cr48 g=-12.00  A=0.770 B=1.000 B+=1.000
 cr48 g=-11.50  A=0.904 B=1.000 B+=1.000
 cr48 g=-11.00  A=0.955 B=1.000 B+=1.000
 cr48 g=-10.50  A=0.987 B=1.000 B+=1.000
 cr48 g=-10.00  A=0.994 B=1.000 B+=1.000
 cr48 Pd.9 门深: A=-11.514981273408239 B=-14.5609375 B+=-15.05379746835443 | Pd.5: B=-15.51410934744268
