结构断言通过: 相邻 bin 差恒单 bit, 行校验击杀 100%
kappa=+0.30 SER10: P0=-14.84 A=-15.97 B2=-16.51 B4=-16.72 B8=-16.77 C=-16.77 D2=-16.16 D4=-16.27 Dh=-16.33 Ap=-15.75 | khat_rmse=0.1460
            CER10: A=-17.46 B2=-18.09 B4=-18.29 B8=-18.32 C=-18.32 D2=-17.52 D4=-17.48 Dh=-17.24 Ap=-17.16
kappa=+0.35 SER10: P0=-14.10 A=-15.92 B2=-16.42 B4=-16.60 B8=-16.66 C=-16.66 D2=-16.28 D4=-16.44 Dh=-16.49 Ap=-15.85 | khat_rmse=0.1024
            CER10: A=-17.43 B2=-18.08 B4=-18.26 B8=-18.29 C=-18.29 D2=-17.68 D4=-17.66 Dh=-17.57 Ap=-17.25
kappa=+0.40 SER10: P0=-12.44 A=-15.92 B2=-16.41 B4=-16.62 B8=-16.66 C=-16.66 D2=-16.21 D4=-16.35 Dh=-16.39 Ap=-15.81 | khat_rmse=0.0675
            CER10: A=-17.37 B2=-18.03 B4=-18.20 B8=-18.23 C=-18.23 D2=-17.68 D4=-17.57 Dh=-17.28 Ap=-17.29
kappa=+0.45 SER10: P0=  +nan A=-15.85 B2=-16.32 B4=-16.52 B8=-16.57 C=-16.57 D2=-15.64 D4=-16.01 Dh=-16.01 Ap=-15.46 | khat_rmse=0.0438
            CER10: A=-17.31 B2=-17.95 B4=-18.16 B8=-18.19 C=-18.19 D2=-17.37 D4=-17.08 Dh=-16.10 Ap=-17.24
kappa=+0.50 SER10: P0=  +nan A=-15.86 B2=-16.34 B4=-16.54 B8=-16.58 C=-16.58 D2=  +nan D4=  +nan Dh=  +nan Ap=  +nan | khat_rmse=0.0332
            CER10: A=-17.35 B2=-17.98 B4=-18.17 B8=-18.20 C=-18.20 D2=-17.07 D4=-16.50 Dh=  +nan Ap=-17.22
kappa=-0.40 SER10: P0=-12.60 A=-15.81 B2=-16.31 B4=-16.51 B8=-16.56 C=-16.56 D2=-16.16 D4=-16.31 Dh=-16.35 Ap=-15.75 | khat_rmse=0.0681
            CER10: A=-17.29 B2=-17.92 B4=-18.10 B8=-18.12 C=-18.12 D2=-17.30 D4=-17.30 Dh=-17.18 Ap=-17.03

== ΔdB(SER10, 相对 A；正=更深) ==
+0.30   +0.54   +0.75   +0.80   +0.80   +0.19   +0.30   +0.36   -0.22
+0.35   +0.50   +0.69   +0.74   +0.74   +0.36   +0.53   +0.57   -0.06
+0.40   +0.49   +0.70   +0.74   +0.74   +0.29   +0.44   +0.47   -0.10
+0.45   +0.47   +0.66   +0.71   +0.72   -0.21   +0.16   +0.16   -0.39
+0.50   +0.48   +0.68   +0.73   +0.73    +nan    +nan    +nan    +nan
-0.40   +0.51   +0.70   +0.75   +0.75   +0.35   +0.50   +0.54   -0.06

== ΔdB(CER10, 相对 A) ==
+0.30   +0.64   +0.84   +0.86   +0.86   +0.07   +0.03   -0.21   -0.30
+0.35   +0.65   +0.83   +0.86   +0.86   +0.26   +0.23   +0.14   -0.18
+0.40   +0.66   +0.83   +0.86   +0.86   +0.31   +0.20   -0.09   -0.08
+0.45   +0.64   +0.85   +0.88   +0.89   +0.06   -0.23   -1.20   -0.07
+0.50   +0.64   +0.83   +0.85   +0.85   -0.28   -0.85    +nan   -0.13
-0.40   +0.63   +0.81   +0.83   +0.83   +0.01   +0.00   -0.12   -0.27

== 定律3 锚点: P0(group-max) vs A(4-bin 相干块) SER10 ==
  kappa=+0.30 : +1.13 dB
  kappa=+0.35 : +1.82 dB
  kappa=+0.40 : +3.47 dB
  kappa=+0.45 : +nan dB
  kappa=+0.50 : +nan dB
  kappa=-0.40 : +3.21 dB
elapsed 1689.3 s, cache evals=202

== κ̂ 偏差敏感性 (κ=0.45 与 0.35, 固定 γ 近门限, n=400) ==
 kappa=+0.45 @ gamma=-17.2
   delta=+0.00 : A 0.265 | B2 0.187 B4 0.165 C 0.160 (ΔSER vs A: +0.079 +0.101 +0.106)
   delta=+0.02 : A 0.266 | B2 0.188 B4 0.165 C 0.160 (ΔSER vs A: +0.079 +0.101 +0.106)
   delta=+0.05 : A 0.272 | B2 0.192 B4 0.169 C 0.164 (ΔSER vs A: +0.080 +0.103 +0.108)
   delta=+0.10 : A 0.291 | B2 0.208 B4 0.183 C 0.178 (ΔSER vs A: +0.083 +0.108 +0.113)
   delta=+0.20 : A 0.369 | B2 0.274 B4 0.241 C 0.234 (ΔSER vs A: +0.095 +0.128 +0.135)
 kappa=+0.35 @ gamma=-16.6
   delta=+0.00 : A 0.170 | B2 0.116 B4 0.098 C 0.094 (ΔSER vs A: +0.055 +0.072 +0.076)
   delta=+0.02 : A 0.170 | B2 0.115 B4 0.098 C 0.094 (ΔSER vs A: +0.055 +0.073 +0.076)
   delta=+0.05 : A 0.174 | B2 0.118 B4 0.101 C 0.097 (ΔSER vs A: +0.056 +0.073 +0.077)
   delta=+0.10 : A 0.189 | B2 0.129 B4 0.112 C 0.108 (ΔSER vs A: +0.060 +0.077 +0.081)
   delta=+0.20 : A 0.262 | B2 0.183 B4 0.160 C 0.154 (ΔSER vs A: +0.079 +0.102 +0.109)
total elapsed 2055.5 s
