H0 thresholds (T1,T3c,T3cod): {0.03: [35.3, 4232.5, 3712.7], 0.01: [44.5, 4325.9, 3769.3], 0.003: [52.4, 4387.8, 3842.3]}
E[sqrt stat] H0 (T1,T3c,T3cod): [3.43, 62.7, 59.03]
    g=-23.50 Pd=0.880
    g=-22.95 Pd=0.917
    g=-23.23 Pd=0.897
    g=-23.09 Pd=0.900
    g=-23.16 Pd=0.880
    g=-18.50 Pd=0.763
    g=-17.95 Pd=0.903
    g=-18.23 Pd=0.867
    g=-18.09 Pd=0.837
    g=-18.02 Pd=0.873
    g=-20.00 Pd=0.353
    g=-18.25 Pd=0.847
    g=-17.38 Pd=0.987
    g=-17.81 Pd=0.933
    g=-18.03 Pd=0.903
    g=-18.14 Pd=0.903
FAR=1e-2 frontiers: T1=-23.12 T3c=-17.98 T3cod=-18.20 dB
gaps: T3c-T1=+5.14  T3cod-T1=+4.93  (T3cod 追回 0.21 dB)
saved rt_d_truecode_results.json (1978.5 s)
