== Part A: 翻转歧义率 p = P(c+1 也是码字), 帧歧义 = p^M ==
  Hamming(8,4) identity: p = 1/16 = 0.0625 -> M*(amb<=0.5) = 0.25, M*(amb<=0.1) = 0.83
  Hamming(8,4) gray    : p = 0  （v->v+1 = 单 bit 翻转，dmin=4 不可能落回码本 -> N*=1 确定性击穿）
== Part B: 波形级 κ=+0.5 vs -0.5 联合 (κ,码字) ML 判决 ==
     M      SNR |   P_correct (gray) |  P_correct (ident)
     1     -4.0 | 1.0000 (tie 0.000) | 0.9663 (tie 0.068)
     2     -4.0 | 1.0000 (tie 0.000) | 0.9981 (tie 0.004)
     3     -4.0 | 1.0000 (tie 0.000) | 1.0000 (tie 0.000)
     4     -4.0 | 1.0000 (tie 0.000) | 1.0000 (tie 0.000)
     6     -4.0 | 1.0000 (tie 0.000) | 1.0000 (tie 0.000)
     8     -4.0 | 1.0000 (tie 0.000) | 1.0000 (tie 0.000)
    12     -4.0 | 1.0000 (tie 0.000) | 1.0000 (tie 0.000)
  uncoded M=8: P_correct = 0.4981, exact-tie rate = 1.0000
     1    -16.0 | 0.9980 (tie 0.000) | 0.9680 (tie 0.060)
     2    -16.0 | 1.0000 (tie 0.000) | 0.9966 (tie 0.006)
     3    -16.0 | 1.0000 (tie 0.000) | 0.9999 (tie 0.000)
     4    -16.0 | 1.0000 (tie 0.000) | 1.0000 (tie 0.000)
     6    -16.0 | 1.0000 (tie 0.000) | 1.0000 (tie 0.000)
     8    -16.0 | 1.0000 (tie 0.000) | 1.0000 (tie 0.000)
    12    -16.0 | 1.0000 (tie 0.000) | 1.0000 (tie 0.000)
  uncoded M=8: P_correct = 0.4961, exact-tie rate = 1.0000
== Part C: 有码 (Hamming(8,4)/Gray, κ=0.4) margC vs jmlC 门限 ==
  CER10% threshold: margC = -24.69 dB, jmlC = -25.76 dB, gap = 1.07 dB
elapsed 102.7 s
