待跑 952 单元（12 workers）
  56/952 单元完成 (27s)
  112/952 单元完成 (41s)
  168/952 单元完成 (56s)
  224/952 单元完成 (70s)
  280/952 单元完成 (86s)
  336/952 单元完成 (100s)
  392/952 单元完成 (114s)
  448/952 单元完成 (127s)
  504/952 单元完成 (141s)
  560/952 单元完成 (155s)
  616/952 单元完成 (168s)
  672/952 单元完成 (182s)
  728/952 单元完成 (196s)
  784/952 单元完成 (212s)
  840/952 单元完成 (226s)
  896/952 单元完成 (242s)
  952/952 单元完成 (256s)

战表（SER / PER；档内单元数见行尾）
[  native] PLAIN 0.040/0.179 | OLD-A 0.040/0.107 | TRIMMER 0.032/0.143 | SAVAUX 0.039/0.107 | NEW-0 0.032/0.143 | TREL-5 0.000/0.000 | BCJR-5 0.033/0.143  (n=28)
[     -16] PLAIN 0.083/0.500 | OLD-A 0.083/0.214 | TRIMMER 0.046/0.179 | SAVAUX 0.046/0.143 | NEW-0 0.051/0.167 | TREL-5 0.000/0.000 | BCJR-5 0.038/0.131  (n=84)
[     -17] PLAIN 0.117/0.667 | OLD-A 0.117/0.405 | TRIMMER 0.053/0.167 | SAVAUX 0.054/0.143 | NEW-0 0.055/0.155 | TREL-5 0.000/0.000 | BCJR-5 0.044/0.143  (n=84)
[     -18] PLAIN 0.200/0.857 | OLD-A 0.200/0.679 | TRIMMER 0.056/0.179 | SAVAUX 0.055/0.155 | NEW-0 0.063/0.214 | TREL-5 0.000/0.000 | BCJR-5 0.048/0.167  (n=84)
[     -19] PLAIN 0.302/1.000 | OLD-A 0.302/0.976 | TRIMMER 0.061/0.202 | SAVAUX 0.050/0.155 | NEW-0 0.069/0.214 | TREL-5 0.011/0.024 | BCJR-5 0.047/0.119  (n=84)
[     -20] PLAIN 0.444/1.000 | OLD-A 0.444/1.000 | TRIMMER 0.067/0.226 | SAVAUX 0.058/0.202 | NEW-0 0.076/0.226 | TREL-5 0.024/0.048 | BCJR-5 0.052/0.190  (n=84)
[     -21] PLAIN 0.576/1.000 | OLD-A 0.576/1.000 | TRIMMER 0.083/0.298 | SAVAUX 0.070/0.238 | NEW-0 0.094/0.310 | TREL-5 0.026/0.071 | BCJR-5 0.071/0.214  (n=84)
[     -22] PLAIN 0.707/1.000 | OLD-A 0.707/1.000 | TRIMMER 0.101/0.310 | SAVAUX 0.081/0.310 | NEW-0 0.114/0.369 | TREL-5 0.040/0.107 | BCJR-5 0.085/0.274  (n=84)
[     -23] PLAIN 0.799/1.000 | OLD-A 0.799/1.000 | TRIMMER 0.133/0.476 | SAVAUX 0.115/0.452 | NEW-0 0.153/0.524 | TREL-5 0.087/0.405 | BCJR-5 0.112/0.405  (n=84)
[     -24] PLAIN 0.876/1.000 | OLD-A 0.876/1.000 | TRIMMER 0.220/0.929 | SAVAUX 0.186/0.690 | NEW-0 0.246/0.940 | TREL-5 0.211/0.964 | BCJR-5 0.192/0.786  (n=84)
[     -25] PLAIN 0.917/1.000 | OLD-A 0.917/1.000 | TRIMMER 0.378/1.000 | SAVAUX 0.293/0.964 | NEW-0 0.410/1.000 | TREL-5 0.383/1.000 | BCJR-5 0.356/1.000  (n=84)
[     -26] PLAIN 0.939/1.000 | OLD-A 0.939/1.000 | TRIMMER 0.509/1.000 | SAVAUX 0.421/1.000 | NEW-0 0.533/1.000 | TREL-5 0.515/1.000 | BCJR-5 0.483/1.000  (n=84)
256s elapsed
