断点恢复：0
待跑 952 单元
  112/952 (50s)
  224/952 (87s)
  336/952 (124s)
  448/952 (161s)
  560/952 (191s)
  672/952 (220s)
  784/952 (249s)
  896/952 (278s)

实验B 加列表（SER/PER）
[ native] TRIMMER 0.032/0.143 | DERA 0.002/0.000 | TREL-5 0.000/0.000 | GAMMA 0.002/0.000 (n=28)
[    -16] TRIMMER 0.046/0.179 | DERA 0.004/0.000 | TREL-5 0.000/0.000 | GAMMA 0.004/0.000 (n=84)
[    -17] TRIMMER 0.053/0.167 | DERA 0.005/0.000 | TREL-5 0.000/0.000 | GAMMA 0.005/0.000 (n=84)
[    -18] TRIMMER 0.056/0.179 | DERA 0.006/0.000 | TREL-5 0.000/0.000 | GAMMA 0.007/0.000 (n=84)
[    -19] TRIMMER 0.061/0.202 | DERA 0.005/0.012 | TREL-5 0.011/0.024 | GAMMA 0.005/0.000 (n=84)
[    -20] TRIMMER 0.067/0.226 | DERA 0.010/0.024 | TREL-5 0.024/0.048 | GAMMA 0.010/0.024 (n=84)
[    -21] TRIMMER 0.083/0.298 | DERA 0.013/0.048 | TREL-5 0.026/0.071 | GAMMA 0.011/0.036 (n=84)
[    -22] TRIMMER 0.101/0.310 | DERA 0.016/0.036 | TREL-5 0.040/0.107 | GAMMA 0.017/0.048 (n=84)
[    -23] TRIMMER 0.133/0.476 | DERA 0.035/0.107 | TREL-5 0.087/0.405 | GAMMA 0.034/0.131 (n=84)
[    -24] TRIMMER 0.220/0.929 | DERA 0.085/0.488 | TREL-5 0.211/0.964 | GAMMA 0.083/0.488 (n=84)
[    -25] TRIMMER 0.378/1.000 | DERA 0.201/0.929 | TREL-5 0.383/1.000 | GAMMA 0.194/0.929 (n=84)
[    -26] TRIMMER 0.509/1.000 | DERA 0.338/1.000 | TREL-5 0.515/1.000 | GAMMA 0.341/1.000 (n=84)
292s elapsed
