待跑 364 单元
  28/364 (22s)
  56/364 (47s)
  84/364 (72s)
  112/364 (96s)
  140/364 (121s)
  168/364 (145s)
  196/364 (169s)
  224/364 (197s)
  252/364 (222s)
  280/364 (250s)
  308/364 (288s)
  336/364 (338s)
  364/364 (419s)

DERA×GAMMA（SER/PER；sync 与 dera_front_battle 同种子一致）
[ native] sync=1.00 | SER 0.000 | PER 0.000 (n=28)
[    -17] sync=1.00 | SER 0.003 | PER 0.000 (n=84)
[    -20] sync=1.00 | SER 0.019 | PER 0.024 (n=84)
[    -22] sync=0.99 | SER 0.034 | PER 0.107 (n=84)
[    -24] sync=0.82 | SER 0.116 | PER 0.607 (n=84)
419s elapsed
