待跑 448 单元
  28/448 (33s)
  56/448 (68s)
  84/448 (101s)
  112/448 (134s)
  140/448 (165s)
  168/448 (198s)
  196/448 (229s)
  224/448 (267s)
  252/448 (299s)
  280/448 (339s)
  308/448 (393s)
  336/448 (456s)
  364/448 (524s)
  392/448 (616s)
  420/448 (695s)
  448/448 (799s)

决战表（同 DeRa 前端，SER/PER；native n=28，其余 n=84）
[ native] sync=1.00 | DERA×TRIMMER 0.056/0.214 | DERA×DERA 0.000/0.000 | DERA×GAMMA 0.000/0.000 | DERA×GAMMA-P 0.000/0.000 (n=28)
[    -17] sync=1.00 | DERA×TRIMMER 0.084/0.262 | DERA×DERA 0.003/0.000 | DERA×GAMMA 0.003/0.000 | DERA×GAMMA-P 0.003/0.000 (n=84)
[    -20] sync=1.00 | DERA×TRIMMER 0.124/0.369 | DERA×DERA 0.014/0.024 | DERA×GAMMA 0.019/0.024 | DERA×GAMMA-P 0.024/0.036 (n=84)
[    -22] sync=0.99 | DERA×TRIMMER 0.166/0.476 | DERA×DERA 0.033/0.107 | DERA×GAMMA 0.034/0.107 | DERA×GAMMA-P 0.034/0.107 (n=84)
[    -24] sync=0.82 | DERA×TRIMMER 0.381/0.917 | DERA×DERA 0.150/0.619 | DERA×GAMMA 0.116/0.607 | DERA×GAMMA-P 0.160/0.619 (n=84)
[    -25] sync=0.45 | DERA×TRIMMER 0.497/1.000 | DERA×DERA 0.323/0.952 | DERA×GAMMA 0.317/0.940 | DERA×GAMMA-P 0.319/0.940 (n=84)
799s elapsed
