windows=1536
detections=10
selected_packets=10
frame_valid=9/10
grlora_framesync_valid=8/10
grlora_preamble_max_abs_signed_bin=6869
grlora_fine_preamble_max_abs_signed_bin=1777
sf=12
preamble_len=16
center_freq=4.877e+08
chirp_samples=16384
win_chirps=4
hop_samples=16384
min_periodic_peaks=13
align_chirps=4
frame_search_samples=2048
frame_symbol_search_span=2
sync_word=0x34
wrote=D:\Desktop\proj\gr-lora_sdr\weakPacket_decoding copy\data\baseline_comparison\real_iq_crc_batch_transition_sample40m_probe3\sync_chain\1_1_2_12_10_16_sync_chain.csv
wrote_events=D:\Desktop\proj\gr-lora_sdr\weakPacket_decoding copy\data\baseline_comparison\real_iq_crc_batch_transition_sample40m_probe3\events\1_1_2_12_10_16_events.csv
wrote_windows=D:\Desktop\proj\gr-lora_sdr\weakPacket_decoding copy\data\baseline_comparison\real_iq_crc_batch_transition_sample40m_probe3\windows\1_1_2_12_10_16_windows.csv
