待跑 448 单元
  28/448 (99s, 3.5s/u, ETA 25min)
  56/448 (194s, 3.5s/u, ETA 23min)
  84/448 (294s, 3.5s/u, ETA 21min)
  112/448 (398s, 3.6s/u, ETA 20min)
  140/448 (489s, 3.5s/u, ETA 18min)
  168/448 (593s, 3.5s/u, ETA 16min)
  196/448 (727s, 3.7s/u, ETA 16min)
  224/448 (900s, 4.0s/u, ETA 15min)
  252/448 (1058s, 4.2s/u, ETA 14min)
  280/448 (1234s, 4.4s/u, ETA 12min)
  308/448 (1456s, 4.7s/u, ETA 11min)
  336/448 (1685s, 5.0s/u, ETA 9min)
  364/448 (1913s, 5.3s/u, ETA 7min)
  392/448 (2142s, 5.5s/u, ETA 5min)
  420/448 (2404s, 5.7s/u, ETA 3min)
  448/448 (2637s, 5.9s/u, ETA 0min)

v3 战表（SER=同步成功单元内 / PER=含同步失败）
[ native] sync DERA=1.00 | DERA×GAMMA 0.000/0.000 | DERAfd×GAMMA 0.000/0.000 | DERAfdc×GAMMA 0.000/0.000 | DERAfdc×SAVAUX 0.000/0.000 | DERA×DERA 0.000/0.000 | PRIOR×GAMMA 0.002/0.000 (n=28)
[    -17] sync DERA=1.00 | DERA×GAMMA 0.003/0.000 | DERAfd×GAMMA 0.000/0.000 | DERAfdc×GAMMA 0.001/0.000 | DERAfdc×SAVAUX 0.002/0.000 | DERA×DERA 0.003/0.000 | PRIOR×GAMMA 0.004/0.000 (n=84)
[    -20] sync DERA=1.00 | DERA×GAMMA 0.019/0.024 | DERAfd×GAMMA 0.004/0.000 | DERAfdc×GAMMA 0.003/0.000 | DERAfdc×SAVAUX 0.005/0.000 | DERA×DERA 0.014/0.024 | PRIOR×GAMMA 0.010/0.012 (n=84)
[    -22] sync DERA=0.99 | DERA×GAMMA 0.034/0.107 | DERAfd×GAMMA 0.025/0.060 | DERAfdc×GAMMA 0.011/0.060 | DERAfdc×SAVAUX 0.025/0.071 | DERA×DERA 0.033/0.107 | PRIOR×GAMMA 0.044/0.048 (n=84)
[    -24] sync DERA=0.82 | DERA×GAMMA 0.116/0.607 | DERAfd×GAMMA 0.343/0.524 | DERAfdc×GAMMA 0.303/0.440 | DERAfdc×SAVAUX 0.364/0.500 | DERA×DERA 0.150/0.619 | PRIOR×GAMMA 0.141/0.357 (n=84)
[    -26] sync DERA=0.19 | DERA×GAMMA 0.525/1.000 | DERAfd×GAMMA 0.654/1.000 | DERAfdc×GAMMA 0.843/1.000 | DERAfdc×SAVAUX 0.834/1.000 | DERA×DERA 0.521/1.000 | PRIOR×GAMMA 0.417/0.988 (n=84)
2637s elapsed
