待跑 3948 单元
  140/3948 (186s)
  280/3948 (338s)
  420/3948 (494s)
  560/3948 (656s)
  700/3948 (803s)
  840/3948 (966s)
  980/3948 (1126s)
  1120/3948 (1287s)
  1260/3948 (1442s)
  1400/3948 (1599s)
  1540/3948 (1760s)
  1680/3948 (1916s)
  1820/3948 (2085s)
  1960/3948 (2244s)
  2100/3948 (2402s)
  2240/3948 (2578s)
  2380/3948 (2705s)
  2520/3948 (2866s)
  2660/3948 (3024s)
  2800/3948 (3183s)
  2940/3948 (3343s)
  3080/3948 (3494s)
  3220/3948 (3663s)
Traceback (most recent call last):
  File "<string>", line 1, in <module>
  File "C:\Users\28052\AppData\Local\Programs\Python\Python312\Lib\multiprocessing\spawn.py", line 122, in spawn_main
    exitcode = _main(fd, parent_sentinel)
               ^^^^^^^^^^^^^^^^^^^^^^^^^^
  File "C:\Users\28052\AppData\Local\Programs\Python\Python312\Lib\multiprocessing\spawn.py", line 132, in _main
    self = reduction.pickle.load(from_parent)
           ^^^^^^^^^^^^^^^^^^^^^^^^^^^^^^^^^^
  File "C:\Users\28052\AppData\Local\Programs\Python\Python312\Lib\multiprocessing\connection.py", line 1167, in rebuild_pipe_connection
    handle = dh.detach()
             ^^^^^^^^^^^
  File "C:\Users\28052\AppData\Local\Programs\Python\Python312\Lib\multiprocessing\reduction.py", line 131, in detach
    return _winapi.DuplicateHandle(
           ^^^^^^^^^^^^^^^^^^^^^^^^
PermissionError: [WinError 5] 拒绝访问。
Traceback (most recent call last):
  File "<string>", line 1, in <module>
  File "C:\Users\28052\AppData\Local\Programs\Python\Python312\Lib\multiprocessing\spawn.py", line 122, in spawn_main
    exitcode = _main(fd, parent_sentinel)
               ^^^^^^^^^^^^^^^^^^^^^^^^^^
  File "C:\Users\28052\AppData\Local\Programs\Python\Python312\Lib\multiprocessing\spawn.py", line 132, in _main
    self = reduction.pickle.load(from_parent)
           ^^^^^^^^^^^^^^^^^^^^^^^^^^^^^^^^^^
  File "C:\Users\28052\AppData\Local\Programs\Python\Python312\Lib\multiprocessing\connection.py", line 1167, in rebuild_pipe_connection
    handle = dh.detach()
             ^^^^^^^^^^^
  File "C:\Users\28052\AppData\Local\Programs\Python\Python312\Lib\multiprocessing\reduction.py", line 131, in detach
    return _winapi.DuplicateHandle(
           ^^^^^^^^^^^^^^^^^^^^^^^^
PermissionError: [WinError 5] 拒绝访问。
Traceback (most recent call last):
  File "<string>", line 1, in <module>
  File "C:\Users\28052\AppData\Local\Programs\Python\Python312\Lib\multiprocessing\spawn.py", line 122, in spawn_main
    exitcode = _main(fd, parent_sentinel)
               ^^^^^^^^^^^^^^^^^^^^^^^^^^
  File "C:\Users\28052\AppData\Local\Programs\Python\Python312\Lib\multiprocessing\spawn.py", line 132, in _main
    self = reduction.pickle.load(from_parent)
           ^^^^^^^^^^^^^^^^^^^^^^^^^^^^^^^^^^
  File "C:\Users\28052\AppData\Local\Programs\Python\Python312\Lib\multiprocessing\connection.py", line 1167, in rebuild_pipe_connection
    handle = dh.detach()
             ^^^^^^^^^^^
  File "C:\Users\28052\AppData\Local\Programs\Python\Python312\Lib\multiprocessing\reduction.py", line 131, in detach
    return _winapi.DuplicateHandle(
           ^^^^^^^^^^^^^^^^^^^^^^^^
PermissionError: [WinError 5] 拒绝访问。
Traceback (most recent call last):
  File "<string>", line 1, in <module>
  File "C:\Users\28052\AppData\Local\Programs\Python\Python312\Lib\multiprocessing\spawn.py", line 122, in spawn_main
    exitcode = _main(fd, parent_sentinel)
               ^^^^^^^^^^^^^^^^^^^^^^^^^^
  File "C:\Users\28052\AppData\Local\Programs\Python\Python312\Lib\multiprocessing\spawn.py", line 132, in _main
    self = reduction.pickle.load(from_parent)
           ^^^^^^^^^^^^^^^^^^^^^^^^^^^^^^^^^^
  File "C:\Users\28052\AppData\Local\Programs\Python\Python312\Lib\multiprocessing\connection.py", line 1167, in rebuild_pipe_connection
    handle = dh.detach()
             ^^^^^^^^^^^
  File "C:\Users\28052\AppData\Local\Programs\Python\Python312\Lib\multiprocessing\reduction.py", line 131, in detach
    return _winapi.DuplicateHandle(
           ^^^^^^^^^^^^^^^^^^^^^^^^
PermissionError: [WinError 5] 拒绝访问。
