待跑 448 单元
  28/448 (51s, 1.8s/u, ETA 13min)
  56/448 (102s, 1.8s/u, ETA 12min)
  84/448 (152s, 1.8s/u, ETA 11min)
  112/448 (202s, 1.8s/u, ETA 10min)
  140/448 (245s, 1.8s/u, ETA 9min)
  168/448 (296s, 1.8s/u, ETA 8min)
  196/448 (342s, 1.7s/u, ETA 7min)
  224/448 (393s, 1.8s/u, ETA 7min)
  252/448 (443s, 1.8s/u, ETA 6min)
  280/448 (503s, 1.8s/u, ETA 5min)
  308/448 (574s, 1.9s/u, ETA 4min)
  336/448 (646s, 1.9s/u, ETA 4min)
  364/448 (714s, 2.0s/u, ETA 3min)
  392/448 (803s, 2.0s/u, ETA 2min)
  420/448 (891s, 2.1s/u, ETA 1min)
  448/448 (998s, 2.2s/u, ETA 0min)

基线对比战表（SER=同步成功单元内 / PER=含同步失败）
[ native] sync DERA=1.00 | DERA×SAVT2 0.000/0.000 | DERA×DERA 0.000/0.000 | DERA×TRIMMER 0.056/0.214 | DERA×UNICHIRP 0.664/0.786 | DERA×OLDA 0.123/0.321 (n=28)
[    -17] sync DERA=1.00 | DERA×SAVT2 0.000/0.000 | DERA×DERA 0.003/0.000 | DERA×TRIMMER 0.084/0.262 | DERA×UNICHIRP 0.754/0.917 | DERA×OLDA 0.309/0.726 (n=84)
[    -20] sync DERA=1.00 | DERA×SAVT2 0.001/0.000 | DERA×DERA 0.014/0.024 | DERA×TRIMMER 0.124/0.369 | DERA×UNICHIRP 0.790/0.940 | DERA×OLDA 0.677/1.000 (n=84)
[    -22] sync DERA=0.99 | DERA×SAVT2 0.006/0.048 | DERA×DERA 0.033/0.107 | DERA×TRIMMER 0.166/0.476 | DERA×UNICHIRP 0.819/0.952 | DERA×OLDA 0.853/1.000 (n=84)
[    -24] sync DERA=0.82 | DERA×SAVT2 0.044/0.262 | DERA×DERA 0.150/0.619 | DERA×TRIMMER 0.381/0.917 | DERA×UNICHIRP 0.870/0.988 | DERA×OLDA 0.929/1.000 (n=84)
[    -26] sync DERA=0.19 | DERA×SAVT2 0.379/0.976 | DERA×DERA 0.521/1.000 | DERA×TRIMMER 0.675/1.000 | DERA×UNICHIRP 0.941/1.000 | DERA×OLDA 0.968/1.000 (n=84)
998s elapsed
