待跑 8484 单元（总 8484）
D:\Desktop\proj\gr-lora_sdr\weakPacket_decoding\data\experiments\e2e_final_20261004\m3_core.py:201: RuntimeWarning: invalid value encountered in divide
  return dict(nu0h=nu0h, khat=khat, acq_score=best / (ka * sig2),
D:\Desktop\proj\gr-lora_sdr\weakPacket_decoding\data\experiments\dep_anchor_20261004\m2_core.py:224: RuntimeWarning: invalid value encountered in divide
  score = np.abs(bestT) ** 2 / (sig2 * L["K_c"])
D:\Desktop\proj\gr-lora_sdr\weakPacket_decoding\data\experiments\e2e_final_20261004\m3_core.py:201: RuntimeWarning: invalid value encountered in divide
  return dict(nu0h=nu0h, khat=khat, acq_score=best / (ka * sig2),
D:\Desktop\proj\gr-lora_sdr\weakPacket_decoding\data\experiments\dep_anchor_20261004\m2_core.py:224: RuntimeWarning: invalid value encountered in divide
  score = np.abs(bestT) ** 2 / (sig2 * L["K_c"])
  56/8484 (1.3min)
D:\Desktop\proj\gr-lora_sdr\weakPacket_decoding\data\experiments\e2e_final_20261004\m3_core.py:201: RuntimeWarning: invalid value encountered in divide
  return dict(nu0h=nu0h, khat=khat, acq_score=best / (ka * sig2),
D:\Desktop\proj\gr-lora_sdr\weakPacket_decoding\data\experiments\dep_anchor_20261004\m2_core.py:224: RuntimeWarning: invalid value encountered in divide
  score = np.abs(bestT) ** 2 / (sig2 * L["K_c"])
  112/8484 (2.8min)
D:\Desktop\proj\gr-lora_sdr\weakPacket_decoding\data\experiments\e2e_final_20261004\m3_core.py:201: RuntimeWarning: invalid value encountered in divide
  return dict(nu0h=nu0h, khat=khat, acq_score=best / (ka * sig2),
D:\Desktop\proj\gr-lora_sdr\weakPacket_decoding\data\experiments\dep_anchor_20261004\m2_core.py:224: RuntimeWarning: invalid value encountered in divide
  score = np.abs(bestT) ** 2 / (sig2 * L["K_c"])
D:\Desktop\proj\gr-lora_sdr\weakPacket_decoding\data\experiments\e2e_final_20261004\m3_core.py:201: RuntimeWarning: invalid value encountered in divide
  return dict(nu0h=nu0h, khat=khat, acq_score=best / (ka * sig2),
D:\Desktop\proj\gr-lora_sdr\weakPacket_decoding\data\experiments\dep_anchor_20261004\m2_core.py:224: RuntimeWarning: invalid value encountered in divide
  score = np.abs(bestT) ** 2 / (sig2 * L["K_c"])
D:\Desktop\proj\gr-lora_sdr\weakPacket_decoding\data\experiments\e2e_final_20261004\m3_core.py:201: RuntimeWarning: invalid value encountered in divide
  return dict(nu0h=nu0h, khat=khat, acq_score=best / (ka * sig2),
D:\Desktop\proj\gr-lora_sdr\weakPacket_decoding\data\experiments\dep_anchor_20261004\m2_core.py:224: RuntimeWarning: invalid value encountered in divide
  score = np.abs(bestT) ** 2 / (sig2 * L["K_c"])
  168/8484 (4.0min)
  224/8484 (6.4min)
  280/8484 (7.9min)
D:\Desktop\proj\gr-lora_sdr\weakPacket_decoding\data\experiments\e2e_final_20261004\m3_core.py:201: RuntimeWarning: invalid value encountered in divide
  return dict(nu0h=nu0h, khat=khat, acq_score=best / (ka * sig2),
D:\Desktop\proj\gr-lora_sdr\weakPacket_decoding\data\experiments\dep_anchor_20261004\m2_core.py:224: RuntimeWarning: invalid value encountered in divide
  score = np.abs(bestT) ** 2 / (sig2 * L["K_c"])
  336/8484 (9.4min)
  392/8484 (11.7min)
  448/8484 (13.4min)
  504/8484 (15.7min)
  560/8484 (16.9min)
  616/8484 (18.6min)
  672/8484 (21.1min)
  728/8484 (22.7min)
  784/8484 (25.3min)
  840/8484 (27.1min)
  896/8484 (29.4min)
  952/8484 (31.7min)
  1008/8484 (33.0min)
  1064/8484 (35.5min)
  1120/8484 (37.2min)
  1176/8484 (39.4min)
  1232/8484 (42.3min)
  1288/8484 (44.6min)
  1344/8484 (48.0min)
  1400/8484 (49.6min)
  1456/8484 (51.4min)
  1512/8484 (54.2min)
  1568/8484 (56.1min)
  1624/8484 (59.0min)
  1680/8484 (61.1min)
  1736/8484 (63.6min)
  1792/8484 (66.4min)
  1848/8484 (67.9min)
  1904/8484 (70.6min)
  1960/8484 (72.4min)
  2016/8484 (74.6min)
  2072/8484 (77.6min)
  2128/8484 (80.0min)
  2184/8484 (83.3min)
  2240/8484 (84.5min)
  2296/8484 (86.0min)
  2352/8484 (88.4min)
  2408/8484 (89.8min)
  2464/8484 (92.5min)
  2520/8484 (94.2min)
  2576/8484 (96.3min)
  2632/8484 (98.3min)
  2688/8484 (99.5min)
  2744/8484 (101.8min)
  2800/8484 (103.3min)
  2856/8484 (105.1min)
  2912/8484 (107.5min)
  2968/8484 (109.1min)
  3024/8484 (111.7min)
  3080/8484 (112.9min)
  3136/8484 (114.4min)
  3192/8484 (116.6min)
  3248/8484 (118.0min)
  3304/8484 (120.4min)
  3360/8484 (122.0min)
  3416/8484 (123.9min)
  3472/8484 (126.0min)
  3528/8484 (127.2min)
  3584/8484 (129.5min)
  3640/8484 (130.9min)
  3696/8484 (132.9min)
  3752/8484 (135.2min)
  3808/8484 (136.9min)
  3864/8484 (139.4min)
  3920/8484 (140.5min)
  3976/8484 (142.2min)
  4032/8484 (144.2min)
  4088/8484 (145.7min)
  4144/8484 (148.1min)
  4200/8484 (149.9min)
  4256/8484 (152.0min)
  4312/8484 (154.3min)
  4368/8484 (155.5min)
  4424/8484 (157.9min)
  4480/8484 (159.4min)
  4536/8484 (161.0min)
  4592/8484 (163.1min)
  4648/8484 (164.9min)
  4704/8484 (167.6min)
  4760/8484 (168.8min)
  4816/8484 (170.5min)
  4872/8484 (172.7min)
  4928/8484 (174.1min)
  4984/8484 (176.8min)
  5040/8484 (178.3min)
  5096/8484 (180.4min)
