== P4 native 全链（δ∈[0, 1, 2]）==
  d0 f00 dep2=True cert=True dera=True A=0/0 B=0/0 U=0
  d0 f01 dep2=True cert=True dera=True A=0/0 B=0/0 U=0
  d0 f02 dep2=True cert=True dera=True A=0/0 B=0/0 U=0
  d0 f03 dep2=True cert=True dera=True A=0/0 B=0/0 U=0
  d0 f04 dep2=True cert=True dera=True A=0/0 B=0/0 U=0
  d0 f05 dep2=True cert=True dera=True A=0/0 B=0/0 U=0
  d0 f06 dep2=True cert=True dera=True A=0/0 B=0/0 U=0
  d0 f07 dep2=True cert=True dera=True A=0/0 B=0/0 U=0
  d0 f08 dep2=True cert=True dera=True A=0/1 B=0/0 U=0
  d0 f09 dep2=True cert=True dera=True A=0/4 B=0/0 U=0
  d0 f10 dep2=True cert=True dera=True A=0/0 B=0/0 U=0
  d0 f11 dep2=True cert=True dera=True A=0/0 B=0/0 U=0
  d0 f12 dep2=True cert=True dera=True A=0/0 B=0/0 U=0
  d0 f13 dep2=True cert=True dera=True A=0/0 B=0/0 U=0
  d0 f14 dep2=True cert=True dera=True A=0/0 B=0/0 U=0
  d0 f15 dep2=True cert=True dera=True A=0/0 B=0/0 U=0
  d0 f16 dep2=True cert=True dera=True A=0/0 B=0/0 U=0
  d0 f17 dep2=True cert=True dera=True A=0/0 B=0/0 U=0
  d0 f18 dep2=True cert=True dera=True A=0/0 B=0/0 U=0
  d0 f19 dep2=True cert=True dera=True A=0/0 B=0/0 U=0
  d0 f20 dep2=True cert=True dera=True A=0/0 B=0/0 U=0
  d0 f21 dep2=True cert=True dera=True A=0/3 B=0/0 U=0
D:\Desktop\proj\gr-lora_sdr\weakPacket_decoding\data\experiments\e2e_final_20261004\m3_smoke.py:176: DeprecationWarning: The truth value of an empty array is ambiguous. Returning False, but in future this will result in an error. Use `array.size > 0` to check that an array is not empty.
  out = dict(di=di, level=level, seed=seed, frame=G["frames"].index(f),
  d0 f22 dep2=True cert=True dera=True A=0/0 B=0/0 U=0
  d0 f23 dep2=True cert=True dera=True A=0/0 B=0/0 U=0
  d0 f24 dep2=True cert=True dera=True A=0/0 B=0/0 U=0
  d0 f25 dep2=True cert=True dera=True A=0/1 B=0/0 U=0
  d0 f26 dep2=True cert=True dera=True A=0/0 B=0/0 U=0
  d0 f27 dep2=True cert=True dera=True A=0/0 B=0/0 U=0
  d1 f00 dep2=True cert=True dera=True A=10/-1 B=0/0 U=0
  d1 f01 dep2=True cert=True dera=True A=10/-1 B=0/0 U=0
  d1 f02 dep2=True cert=True dera=True A=0/3 B=0/0 U=0
  d1 f03 dep2=True cert=True dera=True A=0/1 B=0/0 U=0
  d1 f04 dep2=True cert=True dera=True A=10/-1 B=0/0 U=0
  d1 f05 dep2=True cert=True dera=True A=0/1 B=0/0 U=0
  d1 f06 dep2=True cert=True dera=True A=0/0 B=0/0 U=0
  d1 f07 dep2=True cert=True dera=True A=10/-1 B=0/0 U=0
  d1 f08 dep2=True cert=True dera=True A=0/0 B=0/0 U=0
  d1 f09 dep2=True cert=True dera=True A=0/0 B=0/0 U=0
  d1 f10 dep2=True cert=True dera=True A=10/-1 B=0/0 U=0
  d1 f11 dep2=True cert=True dera=True A=10/-1 B=0/0 U=0
  d1 f12 dep2=True cert=True dera=True A=10/-1 B=0/0 U=0
  d1 f13 dep2=True cert=True dera=True A=10/-1 B=0/0 U=0
  d1 f14 dep2=True cert=True dera=True A=10/-1 B=0/0 U=0
  d1 f15 dep2=True cert=True dera=True A=10/-1 B=0/0 U=0
  d1 f16 dep2=True cert=True dera=True A=10/-1 B=0/0 U=0
  d1 f17 dep2=True cert=True dera=True A=10/-1 B=0/0 U=0
  d1 f18 dep2=True cert=True dera=True A=0/0 B=0/0 U=0
  d1 f19 dep2=True cert=True dera=True A=0/0 B=0/0 U=0
  d1 f20 dep2=True cert=True dera=True A=10/-1 B=0/0 U=0
  d1 f21 dep2=True cert=True dera=True A=0/0 B=0/0 U=0
  d1 f22 dep2=True cert=True dera=True A=0/0 B=0/0 U=0
  d1 f23 dep2=True cert=True dera=True A=0/3 B=0/0 U=0
  d1 f24 dep2=True cert=True dera=True A=0/1 B=0/0 U=0
  d1 f25 dep2=True cert=True dera=True A=10/-1 B=0/0 U=0
  d1 f26 dep2=True cert=True dera=True A=10/-1 B=0/0 U=0
  d1 f27 dep2=True cert=True dera=True A=0/0 B=0/0 U=0
  d2 f00 dep2=True cert=True dera=True A=10/-1 B=10/-1 U=1
  d2 f01 dep2=True cert=True dera=True A=10/-1 B=10/-1 U=1
  d2 f02 dep2=True cert=True dera=True A=10/-1 B=10/-1 U=1
  d2 f03 dep2=True cert=True dera=True A=10/-1 B=10/-1 U=1
  d2 f04 dep2=True cert=True dera=True A=10/-1 B=10/-1 U=1
  d2 f05 dep2=True cert=True dera=True A=10/-1 B=10/-1 U=1
  d2 f06 dep2=True cert=True dera=True A=10/-1 B=10/-1 U=1
  d2 f07 dep2=True cert=True dera=True A=10/-1 B=10/-1 U=1
  d2 f08 dep2=True cert=True dera=True A=10/-1 B=10/-1 U=1
  d2 f09 dep2=True cert=True dera=True A=10/-1 B=10/-1 U=1
  d2 f10 dep2=True cert=True dera=True A=10/-1 B=10/-1 U=1
  d2 f11 dep2=True cert=True dera=True A=10/-1 B=10/-1 U=1
  d2 f12 dep2=True cert=True dera=True A=10/-1 B=10/-1 U=1
  d2 f13 dep2=True cert=True dera=True A=10/-1 B=10/-1 U=1
  d2 f14 dep2=True cert=True dera=True A=10/-1 B=10/-1 U=1
  d2 f15 dep2=True cert=True dera=True A=10/-1 B=10/-1 U=1
  d2 f16 dep2=True cert=True dera=True A=10/-1 B=10/-1 U=1
  d2 f17 dep2=True cert=True dera=True A=10/-1 B=10/-1 U=1
  d2 f18 dep2=True cert=True dera=True A=10/-1 B=10/-1 U=1
  d2 f19 dep2=True cert=True dera=True A=10/-1 B=10/-1 U=1
  d2 f20 dep2=True cert=True dera=True A=10/-1 B=10/-1 U=1
  d2 f21 dep2=True cert=True dera=True A=10/-1 B=10/-1 U=1
  d2 f22 dep2=True cert=True dera=True A=10/-1 B=10/-1 U=1
  d2 f23 dep2=True cert=True dera=True A=10/-1 B=10/-1 U=1
  d2 f24 dep2=True cert=True dera=True A=10/-1 B=10/-1 U=1
  d2 f25 dep2=True cert=True dera=True A=10/-1 B=10/-1 U=1
  d2 f26 dep2=True cert=True dera=True A=10/-1 B=10/-1 U=1
  d2 f27 dep2=True cert=True dera=True A=10/-1 B=10/-1 U=1
  P4 计时 1529.9s / 84 单元
saved -> D:\Desktop\proj\gr-lora_sdr\weakPacket_decoding\data\experiments\e2e_final_20261004\m3_smoke_results.json
