断点恢复：6272 单元
待跑 2212 单元（总 8484）
D:\Desktop\proj\gr-lora_sdr\weakPacket_decoding\data\experiments\e2e_final_20261004\m3_core.py:201: RuntimeWarning: invalid value encountered in divide
  return dict(nu0h=nu0h, khat=khat, acq_score=best / (ka * sig2),
D:\Desktop\proj\gr-lora_sdr\weakPacket_decoding\data\experiments\dep_anchor_20261004\m2_core.py:224: RuntimeWarning: invalid value encountered in divide
  score = np.abs(bestT) ** 2 / (sig2 * L["K_c"])
  56/2212 (4.0min)
D:\Desktop\proj\gr-lora_sdr\weakPacket_decoding\data\experiments\e2e_final_20261004\m3_core.py:201: RuntimeWarning: invalid value encountered in divide
  return dict(nu0h=nu0h, khat=khat, acq_score=best / (ka * sig2),
D:\Desktop\proj\gr-lora_sdr\weakPacket_decoding\data\experiments\dep_anchor_20261004\m2_core.py:224: RuntimeWarning: invalid value encountered in divide
  score = np.abs(bestT) ** 2 / (sig2 * L["K_c"])
  112/2212 (7.2min)
D:\Desktop\proj\gr-lora_sdr\weakPacket_decoding\data\experiments\e2e_final_20261004\m3_core.py:201: RuntimeWarning: invalid value encountered in divide
  return dict(nu0h=nu0h, khat=khat, acq_score=best / (ka * sig2),
D:\Desktop\proj\gr-lora_sdr\weakPacket_decoding\data\experiments\dep_anchor_20261004\m2_core.py:224: RuntimeWarning: invalid value encountered in divide
  score = np.abs(bestT) ** 2 / (sig2 * L["K_c"])
D:\Desktop\proj\gr-lora_sdr\weakPacket_decoding\data\experiments\e2e_final_20261004\m3_core.py:201: RuntimeWarning: invalid value encountered in divide
  return dict(nu0h=nu0h, khat=khat, acq_score=best / (ka * sig2),
D:\Desktop\proj\gr-lora_sdr\weakPacket_decoding\data\experiments\dep_anchor_20261004\m2_core.py:224: RuntimeWarning: invalid value encountered in divide
  score = np.abs(bestT) ** 2 / (sig2 * L["K_c"])
D:\Desktop\proj\gr-lora_sdr\weakPacket_decoding\data\experiments\e2e_final_20261004\m3_core.py:201: RuntimeWarning: invalid value encountered in divide
  return dict(nu0h=nu0h, khat=khat, acq_score=best / (ka * sig2),
D:\Desktop\proj\gr-lora_sdr\weakPacket_decoding\data\experiments\dep_anchor_20261004\m2_core.py:224: RuntimeWarning: invalid value encountered in divide
  score = np.abs(bestT) ** 2 / (sig2 * L["K_c"])
  168/2212 (8.5min)
  224/2212 (10.0min)
  280/2212 (12.4min)
  336/2212 (13.8min)
D:\Desktop\proj\gr-lora_sdr\weakPacket_decoding\data\experiments\e2e_final_20261004\m3_core.py:201: RuntimeWarning: invalid value encountered in divide
  return dict(nu0h=nu0h, khat=khat, acq_score=best / (ka * sig2),
D:\Desktop\proj\gr-lora_sdr\weakPacket_decoding\data\experiments\dep_anchor_20261004\m2_core.py:224: RuntimeWarning: invalid value encountered in divide
  score = np.abs(bestT) ** 2 / (sig2 * L["K_c"])
  392/2212 (16.3min)
  448/2212 (18.1min)
D:\Desktop\proj\gr-lora_sdr\weakPacket_decoding\data\experiments\e2e_final_20261004\m3_core.py:201: RuntimeWarning: invalid value encountered in divide
  return dict(nu0h=nu0h, khat=khat, acq_score=best / (ka * sig2),
D:\Desktop\proj\gr-lora_sdr\weakPacket_decoding\data\experiments\dep_anchor_20261004\m2_core.py:224: RuntimeWarning: invalid value encountered in divide
  score = np.abs(bestT) ** 2 / (sig2 * L["K_c"])
  504/2212 (20.3min)
  560/2212 (22.4min)
  616/2212 (23.5min)
  672/2212 (26.1min)
  728/2212 (27.6min)
  784/2212 (29.2min)
  840/2212 (31.6min)
  896/2212 (33.4min)
  952/2212 (36.4min)
  1008/2212 (37.4min)
  1064/2212 (39.1min)
  1120/2212 (41.6min)
  1176/2212 (43.1min)
  1232/2212 (45.6min)
  1288/2212 (47.6min)
  1344/2212 (49.9min)
  1400/2212 (52.2min)
  1456/2212 (53.4min)
  1512/2212 (55.9min)
预算到，优雅退出
本批完成 1512 单元，55.9min
