断点恢复：7784 单元
待跑 700 单元（总 8484）
D:\Desktop\proj\gr-lora_sdr\weakPacket_decoding\data\experiments\e2e_final_20261004\m3_core.py:201: RuntimeWarning: invalid value encountered in divide
  return dict(nu0h=nu0h, khat=khat, acq_score=best / (ka * sig2),
D:\Desktop\proj\gr-lora_sdr\weakPacket_decoding\data\experiments\dep_anchor_20261004\m2_core.py:224: RuntimeWarning: invalid value encountered in divide
  score = np.abs(bestT) ** 2 / (sig2 * L["K_c"])
D:\Desktop\proj\gr-lora_sdr\weakPacket_decoding\data\experiments\e2e_final_20261004\m3_core.py:201: RuntimeWarning: invalid value encountered in divide
  return dict(nu0h=nu0h, khat=khat, acq_score=best / (ka * sig2),
D:\Desktop\proj\gr-lora_sdr\weakPacket_decoding\data\experiments\dep_anchor_20261004\m2_core.py:224: RuntimeWarning: invalid value encountered in divide
  score = np.abs(bestT) ** 2 / (sig2 * L["K_c"])
D:\Desktop\proj\gr-lora_sdr\weakPacket_decoding\data\experiments\e2e_final_20261004\m3_core.py:201: RuntimeWarning: invalid value encountered in divide
  return dict(nu0h=nu0h, khat=khat, acq_score=best / (ka * sig2),
D:\Desktop\proj\gr-lora_sdr\weakPacket_decoding\data\experiments\dep_anchor_20261004\m2_core.py:224: RuntimeWarning: invalid value encountered in divide
  score = np.abs(bestT) ** 2 / (sig2 * L["K_c"])
  56/700 (2.1min)
D:\Desktop\proj\gr-lora_sdr\weakPacket_decoding\data\experiments\e2e_final_20261004\m3_core.py:201: RuntimeWarning: invalid value encountered in divide
  return dict(nu0h=nu0h, khat=khat, acq_score=best / (ka * sig2),
D:\Desktop\proj\gr-lora_sdr\weakPacket_decoding\data\experiments\dep_anchor_20261004\m2_core.py:224: RuntimeWarning: invalid value encountered in divide
  score = np.abs(bestT) ** 2 / (sig2 * L["K_c"])
D:\Desktop\proj\gr-lora_sdr\weakPacket_decoding\data\experiments\e2e_final_20261004\m3_core.py:201: RuntimeWarning: invalid value encountered in divide
  return dict(nu0h=nu0h, khat=khat, acq_score=best / (ka * sig2),
D:\Desktop\proj\gr-lora_sdr\weakPacket_decoding\data\experiments\dep_anchor_20261004\m2_core.py:224: RuntimeWarning: invalid value encountered in divide
  score = np.abs(bestT) ** 2 / (sig2 * L["K_c"])
  112/700 (3.8min)
  168/700 (6.1min)
D:\Desktop\proj\gr-lora_sdr\weakPacket_decoding\data\experiments\e2e_final_20261004\m3_core.py:201: RuntimeWarning: invalid value encountered in divide
  return dict(nu0h=nu0h, khat=khat, acq_score=best / (ka * sig2),
D:\Desktop\proj\gr-lora_sdr\weakPacket_decoding\data\experiments\dep_anchor_20261004\m2_core.py:224: RuntimeWarning: invalid value encountered in divide
  score = np.abs(bestT) ** 2 / (sig2 * L["K_c"])
  224/700 (7.9min)
  280/700 (10.8min)
D:\Desktop\proj\gr-lora_sdr\weakPacket_decoding\data\experiments\e2e_final_20261004\m3_core.py:201: RuntimeWarning: invalid value encountered in divide
  return dict(nu0h=nu0h, khat=khat, acq_score=best / (ka * sig2),
D:\Desktop\proj\gr-lora_sdr\weakPacket_decoding\data\experiments\dep_anchor_20261004\m2_core.py:224: RuntimeWarning: invalid value encountered in divide
  score = np.abs(bestT) ** 2 / (sig2 * L["K_c"])
  336/700 (12.0min)
  392/700 (13.8min)
  448/700 (16.5min)
  504/700 (18.3min)
  560/700 (21.3min)
  616/700 (23.4min)
  672/700 (25.7min)
本批完成 700 单元，27.6min
