GT 帧 120
待跑 1920 单元
  40/1920 (119s, 3.0s/u, ETA 94min)
  80/1920 (236s, 3.0s/u, ETA 91min)
  120/1920 (346s, 2.9s/u, ETA 87min)
  160/1920 (470s, 2.9s/u, ETA 86min)
  200/1920 (592s, 3.0s/u, ETA 85min)
  240/1920 (710s, 3.0s/u, ETA 83min)
  280/1920 (833s, 3.0s/u, ETA 81min)
  320/1920 (954s, 3.0s/u, ETA 79min)
  360/1920 (1063s, 3.0s/u, ETA 77min)
  400/1920 (1176s, 2.9s/u, ETA 75min)
  440/1920 (1296s, 2.9s/u, ETA 73min)
  480/1920 (1411s, 2.9s/u, ETA 71min)
  520/1920 (1532s, 2.9s/u, ETA 69min)
  560/1920 (1675s, 3.0s/u, ETA 68min)
  600/1920 (1790s, 3.0s/u, ETA 66min)
  640/1920 (1915s, 3.0s/u, ETA 64min)
  680/1920 (2043s, 3.0s/u, ETA 62min)
  720/1920 (2159s, 3.0s/u, ETA 60min)
  760/1920 (2279s, 3.0s/u, ETA 58min)
  800/1920 (2415s, 3.0s/u, ETA 56min)
  840/1920 (2530s, 3.0s/u, ETA 54min)
  880/1920 (2649s, 3.0s/u, ETA 52min)
  920/1920 (2776s, 3.0s/u, ETA 50min)
  960/1920 (2885s, 3.0s/u, ETA 48min)
  1000/1920 (2999s, 3.0s/u, ETA 46min)
  1040/1920 (3129s, 3.0s/u, ETA 44min)
  1080/1920 (3239s, 3.0s/u, ETA 42min)
  1120/1920 (3355s, 3.0s/u, ETA 40min)
  1160/1920 (3483s, 3.0s/u, ETA 38min)
  1200/1920 (3595s, 3.0s/u, ETA 36min)
  1240/1920 (3732s, 3.0s/u, ETA 34min)
  1280/1920 (3849s, 3.0s/u, ETA 32min)
  1320/1920 (3959s, 3.0s/u, ETA 30min)
  1360/1920 (4090s, 3.0s/u, ETA 28min)
  1400/1920 (4213s, 3.0s/u, ETA 26min)
  1440/1920 (4326s, 3.0s/u, ETA 24min)
  1480/1920 (4455s, 3.0s/u, ETA 22min)
  1520/1920 (4577s, 3.0s/u, ETA 20min)
  1560/1920 (4690s, 3.0s/u, ETA 18min)
  1600/1920 (4881s, 3.1s/u, ETA 16min)
  1640/1920 (5033s, 3.1s/u, ETA 14min)
  1680/1920 (5172s, 3.1s/u, ETA 12min)
  1720/1920 (5342s, 3.1s/u, ETA 10min)
  1760/1920 (5476s, 3.1s/u, ETA 8min)
  1800/1920 (5639s, 3.1s/u, ETA 6min)
  1840/1920 (5821s, 3.2s/u, ETA 4min)
  1880/1920 (5978s, 3.2s/u, ETA 2min)
  1920/1920 (6126s, 3.2s/u, ETA 0min)

SF11 战表（SER=同步成功单元内 / PER=含同步失败）
[ native] sync DERA=1.00 | DERA×SAVT2 0.000/0.000 | DERA×DERA 0.000/0.000 | DERA×SAVAUX 0.000/0.000 | PRIOR×SAVAUX 0.000/0.000 (n=120)
[    -17] sync DERA=0.97 | DERA×SAVT2 0.008/0.058 | DERA×DERA 0.012/0.064 | DERA×SAVAUX 0.012/0.072 | PRIOR×SAVAUX 0.012/0.047 (n=360)
[    -20] sync DERA=0.97 | DERA×SAVT2 0.014/0.075 | DERA×DERA 0.017/0.075 | DERA×SAVAUX 0.018/0.078 | PRIOR×SAVAUX 0.026/0.069 (n=360)
[    -22] sync DERA=0.96 | DERA×SAVT2 0.017/0.081 | DERA×DERA 0.020/0.086 | DERA×SAVAUX 0.022/0.089 | PRIOR×SAVAUX 0.040/0.078 (n=360)
[    -24] sync DERA=0.93 | DERA×SAVT2 0.016/0.097 | DERA×DERA 0.025/0.131 | DERA×SAVAUX 0.041/0.186 | PRIOR×SAVAUX 0.057/0.117 (n=360)
[    -26] sync DERA=0.79 | DERA×SAVT2 0.042/0.292 | DERA×DERA 0.099/0.619 | DERA×SAVAUX 0.184/0.917 | PRIOR×SAVAUX 0.142/0.564 (n=360)
6126s elapsed
