windows=3831
detections=6
selected_packets=6
frame_valid=5/6
grlora_framesync_valid=4/6
grlora_preamble_max_abs_signed_bin=631
grlora_fine_preamble_max_abs_signed_bin=748
sf=11
preamble_len=16
center_freq=4.877e+08
chirp_samples=8192
win_chirps=4
hop_samples=8192
min_periodic_peaks=13
align_chirps=4
frame_search_samples=1024
frame_symbol_search_span=2
sync_word=0x34
wrote=D:\Desktop\proj\gr-lora_sdr\weakPacket_decoding copy\data\baseline_comparison\real_iq_crc_batch_sf11_weak_fullcheck\sync_chain\1_0_16_11_2_16_sync_chain.csv
wrote_events=D:\Desktop\proj\gr-lora_sdr\weakPacket_decoding copy\data\baseline_comparison\real_iq_crc_batch_sf11_weak_fullcheck\events\1_0_16_11_2_16_events.csv
wrote_windows=D:\Desktop\proj\gr-lora_sdr\weakPacket_decoding copy\data\baseline_comparison\real_iq_crc_batch_sf11_weak_fullcheck\windows\1_0_16_11_2_16_windows.csv
