== native 门禁（28 帧，串行）==
  f00 ours=1 dera=1 DERA×SAVAUX 0.400/0.000 DERAfd×SAVAUX 0.000/0.000 DERA×TRIMMER 0.314/0.000 DERA×TREL-5 0.000/0.000 DERA×DERA 0.000/0.000 OURS×SAVAUX 0.000/0.000 PRIOR×SAVAUX 0.000/0.000
  f01 ours=1 dera=1 DERA×SAVAUX 0.286/1.000 DERAfd×SAVAUX 0.000/0.000 DERA×TRIMMER 0.200/1.000 DERA×TREL-5 0.000/0.000 DERA×DERA 0.000/0.000 OURS×SAVAUX 0.000/0.000 PRIOR×SAVAUX 0.000/0.000
  f02 ours=1 dera=1 DERA×SAVAUX 0.000/0.000 DERAfd×SAVAUX 0.000/0.000 DERA×TRIMMER 0.000/0.000 DERA×TREL-5 0.000/0.000 DERA×DERA 0.000/0.000 OURS×SAVAUX 0.000/0.000 PRIOR×SAVAUX 0.000/0.000
  f03 ours=1 dera=1 DERA×SAVAUX 0.000/0.000 DERAfd×SAVAUX 0.000/0.000 DERA×TRIMMER 0.000/0.000 DERA×TREL-5 0.000/0.000 DERA×DERA 0.000/0.000 OURS×SAVAUX 0.000/0.000 PRIOR×SAVAUX 0.000/0.000
  f04 ours=1 dera=1 DERA×SAVAUX 0.000/0.000 DERAfd×SAVAUX 0.000/0.000 DERA×TRIMMER 0.000/0.000 DERA×TREL-5 0.000/0.000 DERA×DERA 0.000/0.000 OURS×SAVAUX 0.000/0.000 PRIOR×SAVAUX 0.000/0.000
  f05 ours=1 dera=1 DERA×SAVAUX 0.000/0.000 DERAfd×SAVAUX 0.000/0.000 DERA×TRIMMER 0.000/0.000 DERA×TREL-5 0.000/0.000 DERA×DERA 0.000/0.000 OURS×SAVAUX 0.114/1.000 PRIOR×SAVAUX 0.114/1.000
  f06 ours=1 dera=1 DERA×SAVAUX 0.000/0.000 DERAfd×SAVAUX 0.000/0.000 DERA×TRIMMER 0.000/0.000 DERA×TREL-5 0.000/0.000 DERA×DERA 0.000/0.000 OURS×SAVAUX 0.000/0.000 PRIOR×SAVAUX 0.000/0.000
  f07 ours=1 dera=1 DERA×SAVAUX 0.400/1.000 DERAfd×SAVAUX 0.000/0.000 DERA×TRIMMER 0.314/1.000 DERA×TREL-5 0.000/0.000 DERA×DERA 0.000/0.000 OURS×SAVAUX 0.086/0.000 PRIOR×SAVAUX 0.086/0.000
  f08 ours=1 dera=1 DERA×SAVAUX 0.000/0.000 DERAfd×SAVAUX 0.000/0.000 DERA×TRIMMER 0.000/0.000 DERA×TREL-5 0.000/0.000 DERA×DERA 0.000/0.000 OURS×SAVAUX 0.514/1.000 PRIOR×SAVAUX 0.514/1.000
  f09 ours=1 dera=1 DERA×SAVAUX 0.000/0.000 DERAfd×SAVAUX 0.000/0.000 DERA×TRIMMER 0.000/0.000 DERA×TREL-5 0.000/0.000 DERA×DERA 0.000/0.000 OURS×SAVAUX 0.000/0.000 PRIOR×SAVAUX 0.000/0.000
  f10 ours=1 dera=1 DERA×SAVAUX 0.000/0.000 DERAfd×SAVAUX 0.000/0.000 DERA×TRIMMER 0.000/0.000 DERA×TREL-5 0.000/0.000 DERA×DERA 0.000/0.000 OURS×SAVAUX 0.000/0.000 PRIOR×SAVAUX 0.000/0.000
  f11 ours=1 dera=1 DERA×SAVAUX 0.000/0.000 DERAfd×SAVAUX 0.000/0.000 DERA×TRIMMER 0.000/0.000 DERA×TREL-5 0.000/0.000 DERA×DERA 0.000/0.000 OURS×SAVAUX 0.000/0.000 PRIOR×SAVAUX 0.000/0.000
  f12 ours=1 dera=1 DERA×SAVAUX 0.000/0.000 DERAfd×SAVAUX 0.000/0.000 DERA×TRIMMER 0.000/0.000 DERA×TREL-5 0.000/0.000 DERA×DERA 0.000/0.000 OURS×SAVAUX 0.000/0.000 PRIOR×SAVAUX 0.000/0.000
  f13 ours=1 dera=1 DERA×SAVAUX 0.400/1.000 DERAfd×SAVAUX 0.000/0.000 DERA×TRIMMER 0.200/1.000 DERA×TREL-5 0.000/0.000 DERA×DERA 0.000/0.000 OURS×SAVAUX 0.000/0.000 PRIOR×SAVAUX 0.000/0.000
  f14 ours=1 dera=1 DERA×SAVAUX 0.000/0.000 DERAfd×SAVAUX 0.000/0.000 DERA×TRIMMER 0.000/0.000 DERA×TREL-5 0.000/0.000 DERA×DERA 0.000/0.000 OURS×SAVAUX 0.000/0.000 PRIOR×SAVAUX 0.000/0.000
  f15 ours=1 dera=1 DERA×SAVAUX 0.000/0.000 DERAfd×SAVAUX 0.000/0.000 DERA×TRIMMER 0.000/0.000 DERA×TREL-5 0.000/0.000 DERA×DERA 0.000/0.000 OURS×SAVAUX 0.000/0.000 PRIOR×SAVAUX 0.000/0.000
  f16 ours=1 dera=1 DERA×SAVAUX 0.400/1.000 DERAfd×SAVAUX 0.000/0.000 DERA×TRIMMER 0.200/1.000 DERA×TREL-5 0.000/0.000 DERA×DERA 0.000/0.000 OURS×SAVAUX 0.000/0.000 PRIOR×SAVAUX 0.000/0.000
  f17 ours=1 dera=1 DERA×SAVAUX 0.000/0.000 DERAfd×SAVAUX 0.000/0.000 DERA×TRIMMER 0.000/0.000 DERA×TREL-5 0.000/0.000 DERA×DERA 0.000/0.000 OURS×SAVAUX 0.029/0.000 PRIOR×SAVAUX 0.029/0.000
  f18 ours=1 dera=1 DERA×SAVAUX 0.286/1.000 DERAfd×SAVAUX 0.000/0.000 DERA×TRIMMER 0.029/1.000 DERA×TREL-5 0.000/0.000 DERA×DERA 0.000/0.000 OURS×SAVAUX 0.000/0.000 PRIOR×SAVAUX 0.000/0.000
  f19 ours=1 dera=1 DERA×SAVAUX 0.486/1.000 DERAfd×SAVAUX 0.000/0.000 DERA×TRIMMER 0.171/0.000 DERA×TREL-5 0.000/0.000 DERA×DERA 0.000/0.000 OURS×SAVAUX 0.000/0.000 PRIOR×SAVAUX 0.000/0.000
  f20 ours=1 dera=1 DERA×SAVAUX 0.343/1.000 DERAfd×SAVAUX 0.000/0.000 DERA×TRIMMER 0.086/1.000 DERA×TREL-5 0.000/0.000 DERA×DERA 0.000/0.000 OURS×SAVAUX 0.000/0.000 PRIOR×SAVAUX 0.000/0.000
  f21 ours=1 dera=1 DERA×SAVAUX 0.000/0.000 DERAfd×SAVAUX 0.000/0.000 DERA×TRIMMER 0.000/0.000 DERA×TREL-5 0.000/0.000 DERA×DERA 0.000/0.000 OURS×SAVAUX 0.000/0.000 PRIOR×SAVAUX 0.000/0.000
  f22 ours=1 dera=1 DERA×SAVAUX 0.257/1.000 DERAfd×SAVAUX 0.000/0.000 DERA×TRIMMER 0.057/0.000 DERA×TREL-5 0.000/0.000 DERA×DERA 0.000/0.000 OURS×SAVAUX 0.000/0.000 PRIOR×SAVAUX 0.000/0.000
  f23 ours=1 dera=1 DERA×SAVAUX 0.000/0.000 DERAfd×SAVAUX 0.000/0.000 DERA×TRIMMER 0.000/0.000 DERA×TREL-5 0.000/0.000 DERA×DERA 0.000/0.000 OURS×SAVAUX 0.000/0.000 PRIOR×SAVAUX 0.000/0.000
  f24 ours=1 dera=1 DERA×SAVAUX 0.200/1.000 DERAfd×SAVAUX 0.000/0.000 DERA×TRIMMER 0.000/0.000 DERA×TREL-5 0.000/0.000 DERA×DERA 0.000/0.000 OURS×SAVAUX 0.000/0.000 PRIOR×SAVAUX 0.000/0.000
  f25 ours=1 dera=1 DERA×SAVAUX 0.000/0.000 DERAfd×SAVAUX 0.000/0.000 DERA×TRIMMER 0.000/0.000 DERA×TREL-5 0.000/0.000 DERA×DERA 0.000/0.000 OURS×SAVAUX 0.000/0.000 PRIOR×SAVAUX 0.000/0.000
  f26 ours=1 dera=1 DERA×SAVAUX 0.000/0.000 DERAfd×SAVAUX 0.000/0.000 DERA×TRIMMER 0.000/0.000 DERA×TREL-5 0.000/0.000 DERA×DERA 0.000/0.000 OURS×SAVAUX 0.000/0.000 PRIOR×SAVAUX 0.000/0.000
  f27 ours=1 dera=1 DERA×SAVAUX 0.000/0.000 DERAfd×SAVAUX 0.000/0.000 DERA×TRIMMER 0.000/0.000 DERA×TREL-5 0.000/0.000 DERA×DERA 0.000/0.000 OURS×SAVAUX 0.343/1.000 PRIOR×SAVAUX 0.343/1.000
sync OURS=28/28 DERA=28/28

== native 汇总 ==
DERA×SAVAUX SER=0.1235 PER=0.321  <-- 超门禁(0.10)
DERAfd×SAVAUX SER=0.0000 PER=0.000
DERA×TRIMMER SER=0.0561 PER=0.214
DERA×TREL-5 SER=0.0000 PER=0.000
DERA×DERA SER=0.0000 PER=0.000
OURS×SAVAUX SER=0.0388 PER=0.107
PRIOR×SAVAUX SER=0.0388 PER=0.107

== 判据负控 ==
完好帧 CRC 通过=True（应 True，δ=0）
单符号损坏被拒=True（应 True）
坏 header 被拒=False（应 True，全 codec header_valid 门）
[FAIL] 负控未过，禁止开跑
