冻结帧集/模板…
帧数 28（1s）
断点恢复：201 完成作业
待跑 H1 作业 140 / H0 作业 140
h1 10/140 (20s)
h1 20/140 (37s)
h1 30/140 (45s)
h1 40/140 (61s)
h1 50/140 (78s)
h1 60/140 (87s)
h1 70/140 (103s)
h1 80/140 (120s)
h1 90/140 (128s)
h1 100/140 (144s)
h1 110/140 (161s)
h1 120/140 (169s)
h1 130/140 (186s)
h1 140/140 (200s)
h0 10/140 (228s)
h0 20/140 (256s)
h0 30/140 (271s)
h0 40/140 (298s)
h0 50/140 (327s)
h0 60/140 (342s)
h0 70/140 (370s)
h0 80/140 (398s)
h0 90/140 (414s)
h0 100/140 (441s)
h0 110/140 (468s)
h0 120/140 (485s)
h0 130/140 (511s)
h0 140/140 (535s)
完成 535s
