native 28 | H1 每档 {-16: 560, -18: 560, -20: 560, -22: 560, -24: 560, -26: 560, -28: 560, -30: 560, -32: 560, -34: 560, -36: 560, -38: 560} | H0 每档 {-16: 2240, -18: 2240, -20: 2240, -22: 2240, -24: 2240, -26: 2240, -28: 2240, -30: 2240, -32: 2240, -34: 2240, -36: 2240, -38: 2240}
{
 "upcross_c": 11.201340647930147,
 "thresholds": {
  "cert@0.01": {
   "per_level": {
    "-16": 8.725652187777557,
    "-18": 8.731342828775034,
    "-20": 8.637823752548003,
    "-22": 8.671857462612524,
    "-24": 8.884160132224075,
    "-26": 8.805715612947571,
    "-28": 8.65094981248599,
    "-30": 9.106895660872194,
    "-32": 8.849146049285576,
    "-34": 8.431391030064727,
    "-36": 8.552737647380775,
    "-38": 8.59039925104642
   },
   "pooled": 8.745428351697404,
   "closed": 8.064968564749842
  },
  "dera@0.01": {
   "per_level": {
    "-16": 15.158061730744803,
    "-18": 15.314963136627574,
    "-20": 14.884681471248753,
    "-22": 14.817198170469352,
    "-24": 14.317852790391598,
    "-26": 14.739146455926948,
    "-28": 15.065288718708546,
    "-30": 15.099408867384971,
    "-32": 14.636509979075841,
    "-34": 15.084160165425468,
    "-36": 14.774937916385076,
    "-38": 15.303191596122092
   },
   "pooled": 15.038113989957738,
   "closed": null
  },
  "cert@0.001": {
   "per_level": {
    "-16": 10.716762346746659,
    "-18": 10.706542463388747,
    "-20": 11.303983030290212,
    "-22": 11.215556271478123,
    "-24": 11.057075127112642,
    "-26": 11.472527590832417,
    "-28": 9.871972162958526,
    "-30": 11.761981204308954,
    "-32": 11.37591982066231,
    "-34": 10.43882599906673,
    "-36": 9.70992617812,
    "-38": 10.602298165108275
   },
   "pooled": 11.15445127651196,
   "closed": 10.499450197660138
  },
  "dera@0.001": {
   "per_level": {
    "-16": 18.014266479774676,
    "-18": 17.39418111330204,
    "-20": 18.062225182242834,
    "-22": 17.4322157345838,
    "-24": 16.722524924793937,
    "-26": 17.08046572752827,
    "-28": 17.640237337878364,
    "-30": 18.65714596670026,
    "-32": 17.697426978052196,
    "-34": 17.20136574677208,
    "-36": 16.57427570107059,
    "-38": 17.34819905435441
   },
   "pooled": 17.90196326576223,
   "closed": null
  }
 },
 "h0_median_by_level": {
  "-16": 4.01531014419259,
  "-18": 4.006481714873524,
  "-20": 4.10449851921547,
  "-22": 4.0024654550311265,
  "-24": 4.058561578514487,
  "-26": 4.019737278581899,
  "-28": 4.048148407461043,
  "-30": 4.034861555634485,
  "-32": 4.01339715376045,
  "-34": 4.045281105203021,
  "-36": 4.00232226208276,
  "-38": 3.9983573394029595
 },
 "h0_level_drift_db": 0.1061411798125107,
 "h0_pooled_n": {
  "cert": 26880,
  "dera": 26880
 },
 "pd_curves": {
  "FAR=0.01": {
   "cert": {
    "-16": 1.0,
    "-18": 1.0,
    "-20": 1.0,
    "-22": 1.0,
    "-24": 1.0,
    "-26": 1.0,
    "-28": 1.0,
    "-30": 1.0,
    "-32": 1.0,
    "-34": 0.9910714285714286,
    "-36": 0.95,
    "-38": 0.7839285714285714
   },
   "dera": {
    "-16": 1.0,
    "-18": 1.0,
    "-20": 1.0,
    "-22": 1.0,
    "-24": 1.0,
    "-26": 1.0,
    "-28": 1.0,
    "-30": 1.0,
    "-32": 0.9517857142857142,
    "-34": 0.7142857142857143,
    "-36": 0.40535714285714286,
    "-38": 0.18035714285714285
   }
  },
  "FAR=0.001": {
   "cert": {
    "-16": 1.0,
    "-18": 1.0,
    "-
→ d1_roc_results.json
