Battle B：δ 档 [0.0, 0.005, 0.01, 0.02, 0.04, 0.082]｜H1 档 [-26, -28, -30, -32, -34, -36, -38]｜种子 20
断点恢复：72 完成作业
待跑 H1 768 / H0 360 作业
h1 30/768 (56s)
h1 60/768 (106s)
h1 90/768 (166s)
h1 120/768 (215s)
h1 150/768 (264s)
h1 180/768 (313s)
h1 210/768 (371s)
h1 240/768 (421s)
h1 270/768 (469s)
h1 300/768 (519s)
h1 330/768 (567s)
h1 360/768 (625s)
h1 390/768 (675s)
h1 420/768 (726s)
h1 450/768 (779s)
h1 480/768 (828s)
h1 510/768 (887s)
h1 540/768 (939s)
h1 570/768 (990s)
h1 600/768 (1040s)
h1 630/768 (1101s)
h1 660/768 (1152s)
h1 690/768 (1201s)
h1 720/768 (1251s)
h1 750/768 (1301s)
h0 12/360 (1374s)
h0 42/360 (1473s)
h0 72/360 (1578s)
h0 102/360 (1675s)
h0 132/360 (1783s)
h0 162/360 (1882s)
h0 192/360 (1988s)
h0 222/360 (2086s)
h0 252/360 (2196s)
h0 282/360 (2292s)
h0 312/360 (2401s)
h0 342/360 (2497s)
完成 2553s
