SELFTEST v6: 合成正控 + 双负控（判据回归护栏）
  cr=1 正控: 全过 (UniChirp cr=1 豁免)
  cr=1 负控A(坏payload): 全拒✓
  cr=1 负控B(坏header): 全拒✓
  cr=4 正控: 全过
  cr=4 负控A(坏payload): 全拒✓
  cr=4 负控B(坏header): 全拒✓
[0_0_0_10_14_8] 10 帧, 探针 δ={'OLD-A': 0, 'OLD-A+F': 0, 'SAVAUX': 0, 'TRIMMER': 0, 'UNICHIRP': 1, 'NEW-0': 0, 'BCJR': 0}
[0_0_0_10_14_16] 11 帧, 探针 δ={'OLD-A': 0, 'OLD-A+F': 0, 'SAVAUX': 0, 'TRIMMER': 0, 'UNICHIRP': 0, 'NEW-0': 0, 'BCJR': 0}
[0_0_0_10_14_32] 7 帧, 探针 δ={'OLD-A': 0, 'OLD-A+F': 0, 'SAVAUX': 0, 'TRIMMER': 0, 'UNICHIRP': 1, 'NEW-0': 0, 'BCJR': 0}
Pass 1: native（应全过；任何失败=管线问题）
  native: PLAIN 3/28 | OLD-A 5/28 | OLD-A+F 5/28 | SAVAUX 5/28 | TRIMMER 22/28 | UNICHIRP 9/28 | NEW-0 22/28 | BCJR 23/28
[+18dB] PLAIN 0/28 | OLD-A 0/28 | OLD-A+F 5/28 | SAVAUX 4/28 | TRIMMER 22/28 | UNICHIRP 0/28 | NEW-0 22/28 | BCJR 21/28  | bytes-only: PLAIN:0 OLD-A:0 OLD-A+F:5 SAVAUX:4 TRIMMER:22 UNICHIRP:0 NEW-0:22 BCJR:21
[+21dB] PLAIN 0/28 | OLD-A 0/28 | OLD-A+F 1/28 | SAVAUX 1/28 | TRIMMER 22/28 | UNICHIRP 1/28 | NEW-0 22/28 | BCJR 22/28  | bytes-only: PLAIN:0 OLD-A:0 OLD-A+F:1 SAVAUX:1 TRIMMER:22 UNICHIRP:1 NEW-0:22 BCJR:22
[+24dB] PLAIN 0/28 | OLD-A 0/28 | OLD-A+F 0/28 | SAVAUX 0/28 | TRIMMER 0/28 | UNICHIRP 0/28 | NEW-0 1/28 | BCJR 1/28  | bytes-only: PLAIN:0 OLD-A:0 OLD-A+F:0 SAVAUX:0 TRIMMER:0 UNICHIRP:0 NEW-0:1 BCJR:1
[+27dB] PLAIN 0/28 | OLD-A 0/28 | OLD-A+F 0/28 | SAVAUX 0/28 | TRIMMER 0/28 | UNICHIRP 0/28 | NEW-0 0/28 | BCJR 0/28  | bytes-only: PLAIN:0 OLD-A:0 OLD-A+F:0 SAVAUX:0 TRIMMER:0 UNICHIRP:0 NEW-0:0 BCJR:0
[+30dB] PLAIN 0/28 | OLD-A 0/28 | OLD-A+F 0/28 | SAVAUX 0/28 | TRIMMER 0/28 | UNICHIRP 0/28 | NEW-0 0/28 | BCJR 0/28  | bytes-only: PLAIN:0 OLD-A:0 OLD-A+F:0 SAVAUX:0 TRIMMER:0 UNICHIRP:0 NEW-0:0 BCJR:0
[+33dB] PLAIN 0/28 | OLD-A 0/28 | OLD-A+F 0/28 | SAVAUX 0/28 | TRIMMER 0/28 | UNICHIRP 0/28 | NEW-0 0/28 | BCJR 0/28  | bytes-only: PLAIN:0 OLD-A:0 OLD-A+F:0 SAVAUX:0 TRIMMER:0 UNICHIRP:0 NEW-0:0 BCJR:0
[+36dB] PLAIN 0/28 | OLD-A 0/28 | OLD-A+F 0/28 | SAVAUX 0/28 | TRIMMER 0/28 | UNICHIRP 0/28 | NEW-0 0/28 | BCJR 0/28  | bytes-only: PLAIN:0 OLD-A:0 OLD-A+F:0 SAVAUX:0 TRIMMER:0 UNICHIRP:0 NEW-0:0 BCJR:0

829s -> results_v6.json
