windows=5053
detections=0
selected_packets=0
frame_valid=0/0
grlora_framesync_valid=0/0
grlora_preamble_max_abs_signed_bin=
grlora_fine_preamble_max_abs_signed_bin=
sf=11
preamble_len=16
center_freq=4.877e+08
chirp_samples=8192
win_chirps=4
hop_samples=8192
min_periodic_peaks=12
align_chirps=4
frame_search_samples=1024
frame_symbol_search_span=2
sync_word=0x34
wrote=weakPacket_decoding\data\weak_sync_chain\sync_chain\data\USRP_IQ\lab1_sf11_TP2\1_0_14_11_2_16.bin_sync_chain.csv
windows=3349
detections=9
selected_packets=9
frame_valid=9/9
grlora_framesync_valid=7/9
grlora_preamble_max_abs_signed_bin=0
grlora_fine_preamble_max_abs_signed_bin=948
sf=11
preamble_len=16
center_freq=4.877e+08
chirp_samples=8192
win_chirps=4
hop_samples=8192
min_periodic_peaks=12
align_chirps=4
frame_search_samples=1024
frame_symbol_search_span=2
sync_word=0x34
wrote=weakPacket_decoding\data\weak_sync_chain\sync_chain\data\USRP_IQ\lab1_sf11_TP2\1_0_15_11_2_16.bin_sync_chain.csv
windows=3436
detections=11
selected_packets=11
frame_valid=9/11
grlora_framesync_valid=9/11
grlora_preamble_max_abs_signed_bin=153
grlora_fine_preamble_max_abs_signed_bin=144
sf=11
preamble_len=16
center_freq=4.877e+08
chirp_samples=8192
win_chirps=4
hop_samples=8192
min_periodic_peaks=12
align_chirps=4
frame_search_samples=1024
frame_symbol_search_span=2
sync_word=0x34
wrote=weakPacket_decoding\data\weak_sync_chain\sync_chain\data\USRP_IQ\lab1_sf11_TP2\1_0_11_11_2_16.bin_sync_chain.csv
windows=3409
detections=12
selected_packets=12
frame_valid=9/12
grlora_framesync_valid=9/12
grlora_preamble_max_abs_signed_bin=1403
grlora_fine_preamble_max_abs_signed_bin=502
sf=11
preamble_len=16
center_freq=4.877e+08
chirp_samples=8192
win_chirps=4
hop_samples=8192
min_periodic_peaks=12
align_chirps=4
frame_search_samples=1024
frame_symbol_search_span=2
sync_word=0x34
wrote=weakPacket_decoding\data\weak_sync_chain\sync_chain\data\USRP_IQ\lab1_sf11_TP2\1_0_10_11_2_16.bin_sync_chain.csv
windows=3831
detections=6
selected_packets=6
frame_valid=5/6
grlora_framesync_valid=5/6
grlora_preamble_max_abs_signed_bin=631
grlora_fine_preamble_max_abs_signed_bin=748
sf=11
preamble_len=16
center_freq=4.877e+08
chirp_samples=8192
win_chirps=4
hop_samples=8192
min_periodic_peaks=12
align_chirps=4
frame_search_samples=1024
frame_symbol_search_span=2
sync_word=0x34
wrote=weakPacket_decoding\data\weak_sync_chain\sync_chain\data\USRP_IQ\lab1_sf11_TP2\1_0_16_11_2_16.bin_sync_chain.csv
windows=3869
detections=13
selected_packets=13
frame_valid=10/13
grlora_framesync_valid=10/13
grlora_preamble_max_abs_signed_bin=4070
grlora_fine_preamble_max_abs_signed_bin=721
sf=11
preamble_len=16
center_freq=4.877e+08
chirp_samples=8192
win_chirps=4
hop_samples=8192
min_periodic_peaks=12
align_chirps=4
frame_search_samples=1024
frame_symbol_search_span=2
sync_word=0x34
wrote=weakPacket_decoding\data\weak_sync_chain\sync_chain\data\USRP_IQ\lab1_sf11_TP2\1_0_12_11_2_16.bin_sync_chain.csv
windows=4190
detections=14
selected_packets=14
frame_valid=10/14
grlora_framesync_valid=10/14
grlora_preamble_max_abs_signed_bin=3233
grlora_fine_preamble_max_abs_signed_bin=268
sf=11
preamble_len=16
center_freq=4.877e+08
chirp_samples=8192
win_chirps=4
hop_samples=8192
min_periodic_peaks=12
align_chirps=4
frame_search_samples=1024
frame_symbol_search_span=2
sync_word=0x34
wrote=weakPacket_decoding\data\weak_sync_chain\sync_chain\1_1_0_11_2_16_sync_chain.csvwindows=3869
detections=13
selected_packets=13
frame_valid=10/13
grlora_framesync_valid=10/13
grlora_preamble_max_abs_signed_bin=4070
grlora_fine_preamble_max_abs_signed_bin=721
sf=11
preamble_len=16
center_freq=4.877e+08
chirp_samples=8192
win_chirps=4
hop_samples=8192
min_periodic_peaks=12
align_chirps=4
frame_search_samples=1024
frame_symbol_search_span=2
sync_word=0x34
wrote=weakPacket_decoding\data\weak_sync_chain\sync_chain\1_0_12_11_2_16_sync_chain.csv
ta\USRP_IQ\lab1_sf11_TP2\1_1_6_11_2_16.bin_sync_chain.csv
windows=3869
detections=13
selected_packets=13
frame_valid=10/13
grlora_framesync_valid=10/13
grlora_preamble_max_abs_signed_bin=4070
grlora_fine_preamble_max_abs_signed_bin=721
sf=11
preamble_len=16
center_freq=4.877e+08
chirp_samples=8192
win_chirps=4
hop_samples=8192
min_periodic_peaks=12
align_chirps=4
frame_search_samples=1024
frame_symbol_search_span=2
sync_word=0x34
wrote=weakPacket_decoding\data\weak_sync_chain\sync_chain\1_0_12_11_2_16_sync_chain.cswindows=3869
detections=13
selected_packets=13
frame_valid=10/13
grlora_framesync_valid=10/13
grlora_preamble_max_abs_signed_bin=4070
grlora_fine_preamble_max_abs_signed_bin=721
sf=11
preamble_len=16
center_freq=4.877e+08
chirp_samples=8192
win_chirps=4
hop_samples=8192
min_periodic_peaks=12
align_chirps=4
frame_search_samples=1024
frame_symbol_search_span=2
sync_word=0x34
wrote=weakPacket_decoding\data\weak_sync_chain\sync_chain\1_0_12_11_2_16_sync_chawiwindows=3255
detections=11
selected_packets=11
frame_valid=7/11
grlora_framesync_valid=7/11
grlora_preamble_max_abs_signed_bin=2311
grlora_fine_preamble_max_abs_signed_bin=22
sf=11
preamble_len=16
center_freq=4.877e+08
chirp_samples=8192
win_chirps=4
hop_samples=8192
min_periodic_peaks=12
align_chirps=4
frame_search_samples=1024
frame_symbol_search_span=2
sync_word=0x34
wrote=weakPacket_decoding\data\weak_sync_chain\sync_chain\1_1_3_11_2_16_syncwindows=3windows=3255
detections=11
selected_packets=11
frame_valid=7/11
grlora_framesync_valid=7/11
grlora_preamble_max_abs_signed_bin=2311
grlora_fine_preamble_max_abs_signed_bin=22
sf=11
preamble_len=16
center_freq=4.877e+08
chirp_samples=8192
win_chirps=4
hop_samples=8192
min_periodic_peaks=12
align_chirps=4
frame_search_samples=1024
frame_symbol_search_span=2
sync_word=0x34
wrote=weakPacket_decoding\data\weak_sync_chain\sync_chain\1_1_3_11_2_16_sync_chwindows=3422
detections=11
selected_packets=11
frame_valid=9/11
grlora_framesync_valid=9/11
grlora_preamble_max_abs_signed_bin=2186
grlora_fine_preamble_max_abs_signed_bin=402
sf=11
preamble_len=16
center_freq=4.877e+08
chirp_samples=8192
win_chirps=4
hop_samples=8192
min_periodic_peaks=12
align_chirps=4
frame_search_samples=1024
frame_symbol_search_span=2
sync_word=0x34
wrote=weakPacket_decoding\data\weak_sync_chain\sync_chain\1_1_7_11_2_16_sync_chain.cwindows=3348
detections=11
selected_packets=11
frame_valid=9/11
grlora_framesync_valid=9/11
grlora_preamble_max_abs_signed_bin=3445
grlora_fine_preamble_max_abs_signed_bin=169
sf=11
preamble_len=16
center_freq=4.877e+08
chirp_samples=8192
win_chirps=4
hop_samples=8192
min_periodic_peaks=12
align_chirps=4
frame_search_samples=1024
frame_symbol_search_span=2
sync_word=0x34
wrote=weakPacket_decoding\data\weak_sync_chain\sync_chain\1_0_9_11_2_16_sync_chain.csv
windows=4190
detections=14
selected_packets=14
frame_valid=10/14
grlora_framesync_valid=10/14
grlora_preamble_max_abs_signed_bin=3233
grlora_fine_preamble_max_abs_signed_bin=268
sf=11
preamble_len=16
center_freq=4.877e+08
chirp_samples=8192
win_chirps=4
hop_samples=8192
min_periodic_peaks=12
align_chirps=4
frame_search_samples=1024
frame_symbol_search_span=2
sync_word=0x34
wrote=weakPacket_decoding\data\weak_sync_chain\sync_chain\1_1_0_11_2_16_sync_chain.csv
windows=4789
detections=6
selected_packets=6
frame_valid=3/6
grlora_framesync_valid=2/6
grlora_preamble_max_abs_signed_bin=3603
grlora_fine_preamble_max_abs_signed_bin=989
sf=11
preamble_len=16
center_freq=4.877e+08
chirp_samples=8192
win_chirps=4
hop_samples=8192
min_periodic_peaks=12
align_chirps=4
frame_search_samples=1024
frame_symbol_search_span=2
sync_word=0x34
wrote=weakPacket_decoding\data\weak_sync_chain\sync_chain\1_1_1_11_2_16_sync_chain.csv
windows=3285
detections=10
selected_packets=10
frame_valid=9/10
grlora_framesync_valid=9/10
grlora_preamble_max_abs_signed_bin=1395
grlora_fine_preamble_max_abs_signed_bin=1
sf=11
preamble_len=16
center_freq=4.877e+08
chirp_samples=8192
win_chirps=4
hop_samples=8192
min_periodic_peaks=12
align_chirps=4
frame_search_samples=1024
frame_symbol_search_span=2
sync_word=0x34
wrote=weakPacket_decoding\data\weak_sync_chain\sync_chain\1_1_2_11_2_16_sync_chain.csv
windows=3255
detections=11
selected_packets=11
frame_valid=7/11
grlora_framesync_valid=7/11
grlora_preamble_max_abs_signed_bin=2311
grlora_fine_preamble_max_abs_signed_bin=22
sf=11
preamble_len=16
center_freq=4.877e+08
chirp_samples=8192
win_chirps=4
hop_samples=8192
min_periodic_peaks=12
align_chirps=4
frame_search_samples=1024
frame_symbol_search_span=2
sync_word=0x34
wrote=weakPacket_decoding\data\weak_sync_chain\sync_chain\1_1_3_11_2_16_sync_chain.csv
windows=3879
detections=13
selected_packets=13
frame_valid=10/13
grlora_framesync_valid=10/13
grlora_preamble_max_abs_signed_bin=1145
grlora_fine_preamble_max_abs_signed_bin=1005
sf=11
preamble_len=16
center_freq=4.877e+08
chirp_samples=8192
win_chirps=4
hop_samples=8192
min_periodic_peaks=12
align_chirps=4
frame_search_samples=1024
frame_symbol_search_span=2
sync_word=0x34
wrote=weakPacket_decoding\data\weak_sync_chain\sync_chain\1_1_4_11_2_16_sync_chain.csv
windows=3262
detections=11
selected_packets=11
frame_valid=8/11
grlora_framesync_valid=8/11
grlora_preamble_max_abs_signed_bin=2057
grlora_fine_preamble_max_abs_signed_bin=305
sf=11
preamble_len=16
center_freq=4.877e+08
chirp_samples=8192
win_chirps=4
hop_samples=8192
min_periodic_peaks=12
align_chirps=4
frame_search_samples=1024
frame_symbol_search_span=2
sync_word=0x34
wrote=weakPacket_decoding\data\weak_sync_chain\sync_chain\1_1_5_11_2_16_sync_chain.csv
windows=3286
detections=11
selected_packets=11
frame_valid=9/11
grlora_framesync_valid=9/11
grlora_preamble_max_abs_signed_bin=3318
grlora_fine_preamble_max_abs_signed_bin=785
sf=11
preamble_len=16
center_freq=4.877e+08
chirp_samples=8192
win_chirps=4
hop_samples=8192
min_periodic_peaks=12
align_chirps=4
frame_search_samples=1024
frame_symbol_search_span=2
sync_word=0x34
wrote=weakPacket_decoding\data\weak_sync_chain\sync_chain\1_1_6_11_2_16_sync_chain.csv
windows=3422
detections=11
selected_packets=11
frame_valid=9/11
grlora_framesync_valid=9/11
grlora_preamble_max_abs_signed_bin=2186
grlora_fine_preamble_max_abs_signed_bin=402
sf=11
preamble_len=16
center_freq=4.877e+08
chirp_samples=8192
win_chirps=4
hop_samples=8192
min_periodic_peaks=12
align_chirps=4
frame_search_samples=1024
frame_symbol_search_span=2
sync_word=0x34
wrote=weakPacket_decoding\data\weak_sync_chain\sync_chain\1_1_7_11_2_16_sync_chain.csv
