GT 就绪 28 帧
MIC 结构检查（GT payload 前 6 / 后 4 字节）:
  0_0_0_10_14_8 head=40 44 33 22 11 00 tail=78 56 34 12
  0_0_0_10_14_8 head=40 44 33 22 11 00 tail=78 56 34 12
  0_0_0_10_14_8 head=40 44 33 22 11 00 tail=78 56 34 12
每链每帧冻结 δ（同步先验一部分，仅示非零帧）:
  OLD-A    {7: 1, 8: 1, 9: 1, 18: 1, 19: 1, 21: 1}
  SAVAUX   {7: 1, 8: 1, 9: 1, 18: 1, 19: 1, 21: 1}
  TRIMMER  {7: 1, 9: 1, 18: 1, 19: 1, 21: 1}
  UNICHIRP {0: 1, 2: 1, 4: 1, 5: 1, 6: 1, 7: 1, 8: 1, 9: 1, 10: 1, 11: 1, 15: 1, 17: 1, 18: 2, 19: 2, 20: 1, 21: 1, 24: 1, 25: 1, 26: 1, 27: 1}
  NEW-0    {7: 1, 9: 1, 18: 1, 19: 1, 21: 1}
  BCJR     {7: 1, 9: 1, 18: 1, 19: 1, 21: 1}

[native] 整包SNR中位 8.0 dB | PLAIN SER 0.039 PER 0.179 | OLD-A SER 0.039 PER 0.107 | SAVAUX SER 0.038 PER 0.107 | TRIMMER SER 0.032 PER 0.143 | UNICHIRP SER 0.166 PER 0.536 | NEW-0 SER 0.032 PER 0.143 | BCJR SER 0.027 PER 0.107
[SNR +1dB] 实测均值 0.9 dB | PLAIN SER 0.043 PER 0.179 | OLD-A SER 0.043 PER 0.107 | SAVAUX SER 0.039 PER 0.107 | TRIMMER SER 0.034 PER 0.143 | UNICHIRP SER 0.197 PER 0.488 | NEW-0 SER 0.034 PER 0.143 | BCJR SER 0.028 PER 0.107
[SNR +0dB] 实测均值 -0.0 dB | PLAIN SER 0.040 PER 0.179 | OLD-A SER 0.040 PER 0.107 | SAVAUX SER 0.038 PER 0.107 | TRIMMER SER 0.033 PER 0.143 | UNICHIRP SER 0.214 PER 0.464 | NEW-0 SER 0.034 PER 0.143 | BCJR SER 0.027 PER 0.107
[SNR -1dB] 实测均值 -1.0 dB | PLAIN SER 0.038 PER 0.179 | OLD-A SER 0.038 PER 0.107 | SAVAUX SER 0.039 PER 0.107 | TRIMMER SER 0.034 PER 0.143 | UNICHIRP SER 0.263 PER 0.536 | NEW-0 SER 0.032 PER 0.143 | BCJR SER 0.027 PER 0.107
[SNR -2dB] 实测均值 -2.0 dB | PLAIN SER 0.042 PER 0.179 | OLD-A SER 0.042 PER 0.119 | SAVAUX SER 0.037 PER 0.107 | TRIMMER SER 0.034 PER 0.143 | UNICHIRP SER 0.254 PER 0.548 | NEW-0 SER 0.033 PER 0.143 | BCJR SER 0.028 PER 0.107
[SNR -3dB] 实测均值 -3.0 dB | PLAIN SER 0.041 PER 0.179 | OLD-A SER 0.041 PER 0.107 | SAVAUX SER 0.039 PER 0.107 | TRIMMER SER 0.034 PER 0.143 | UNICHIRP SER 0.245 PER 0.548 | NEW-0 SER 0.036 PER 0.143 | BCJR SER 0.028 PER 0.107
[SNR -4dB] 实测均值 -4.0 dB | PLAIN SER 0.041 PER 0.190 | OLD-A SER 0.041 PER 0.131 | SAVAUX SER 0.037 PER 0.107 | TRIMMER SER 0.035 PER 0.143 | UNICHIRP SER 0.282 PER 0.631 | NEW-0 SER 0.036 PER 0.143 | BCJR SER 0.028 PER 0.107
[SNR -5dB] 实测均值 -5.0 dB | PLAIN SER 0.040 PER 0.167 | OLD-A SER 0.040 PER 0.131 | SAVAUX SER 0.041 PER 0.131 | TRIMMER SER 0.036 PER 0.131 | UNICHIRP SER 0.300 PER 0.560 | NEW-0 SER 0.036 PER 0.143 | BCJR SER 0.029 PER 0.107
[SNR -6dB] 实测均值 -6.0 dB | PLAIN SER 0.043 PER 0.179 | OLD-A SER 0.043 PER 0.143 | SAVAUX SER 0.039 PER 0.107 | TRIMMER SER 0.036 PER 0.131 | UNICHIRP SER 0.261 PER 0.643 | NEW-0 SER 0.035 PER 0.119 | BCJR SER 0.027 PER 0.107
[SNR -7dB] 实测均值 -7.0 dB | PLAIN SER 0.041 PER 0.179 | OLD-A SER 0.041 PER 0.107 | SAVAUX SER 0.040 PER 0.107 | TRIMMER SER 0.037 PER 0.143 | UNICHIRP SER 0.361 PER 0.714 | NEW-0 SER 0.036 PER 0.143 | BCJR SER 0.029 PER 0.107
[SNR -8dB] 实测均值 -8.0 dB | PLAIN SER 0.046 PER 0.179 | OLD-A SER 0.046 PER 0.143 | SAVAUX SER 0.038 PER 0.107 | TRIMMER SER 0.036 PER 0.131 | UNICHIRP SER 0.363 PER 0.702 | NEW-0 SER 0.038 PER 0.131 | BCJR SER 0.028 PER 0.095
[SNR -9dB] 实测均值 -9.0 dB | PLAIN SER 0.044 PER 0.226 | OLD-A SER 0.044 PER 0.143 | SAVAUX SER 0.040 PER 0.107 | TRIMMER SER 0.041 PER 0.131 | UNICHIRP SER 0.364 PER 0.738 | NEW-0 SER 0.040 PER 0.143 | BCJR SER 0.031 PER 0.107
[SNR -10dB] 实测均值 -10.0 dB | PLAIN SER 0.046 PER 0.226 | OLD-A SER 0.046 PER 0.143 | SAVAUX SER 0.038 PER 0.107 | TRIMMER SER 0.040 PER 0.143 | UNICHIRP SER 0.361 PER 0.798 | NEW-0 SER 0.042 PER 0.143 | BCJR SER 0.033 PER 0.131
[SNR -11dB] 实测均值 -11.0 dB | PLAIN SER 0.042 PER 0.250 | OLD-A SER 0.042 PER 0.131 | SAVAUX SER 0.038 PER 0.119 | TRIMMER SER 0.040 PER 0.155 | UNICHIRP SER 0.340 PER 0.762 | NEW-0 SER 0.041 PER 0.155 | BCJR SER 0.033 PER 0.143
[SNR -12dB] 实测均值 -12.0 dB | PLAIN SER 0.048 PER 0.286 | OLD-A SER 0.048 PER 0.155 | SAVAUX SER 0.043 PER 0.107 | TRIMMER SER 0.038 PER 0.143 | UNICHIRP SER 0.398 PER 0.857 | NEW-0 SER 0.039 PER 0.143 | BCJR SER 0.031 PER 0.119
[SNR -13dB] 实测均值 -13.0 dB | PLAIN SER 0.055 PER 0.321 | OLD-A SER 0.055 PER 0.179 | SAVAUX SER 0.039 PER 0.131 | TRIMMER SER 0.040 PER 0.131 | UNICHIRP SER 0.394 PER 0.833 | NEW-0 SER 0.041 PER 0.143 | BCJR SER 0.031 PER 0.083
[SNR -14dB] 实测均值 -14.0 dB | PLAIN SER 0.060 PER 0.357 | OLD-A SER 0.060 PER 0.167 | SAVAUX SER 0.042 PER 0.143 | TRIMMER SER 0.045 PER 0.119 | UNICHIRP SER 0.388 PER 0.869 | NEW-0 SER 0.048 PER 0.143 | BCJR SER 0.031 PER 0.083
[SNR -15dB] 实测均值 -15.0 dB | PLAIN SER 0.072 PER 0.393 | OLD-A SER 0.072 PER 0.214 | SAVAUX SER 0.046 PER 0.119 | TRIMMER SER 0.043 PER 0.167 | UNICHIRP SER 0.410 PER 0.964 | NEW-0 SER 0.047 PER 0.179 | BCJR SER 0.036 PER 0.143
[SNR -16dB] 实测均值 -16.0 dB | PLAIN SER 0.077 PER 0.452 | OLD-A SER 0.077 PER 0.321 | SAVAUX SER 0.042 PER 0.143 | TRIMMER SER 0.046 PER 0.179 | UNICHIRP SER 0.393 PER 0.905 | NEW-0 SER 0.051 PER 0.167 | BCJR SER 0.034 PER 0.107
[SNR -17dB] 实测均值 -17.0 dB | PLAIN SER 0.127 PER 0.690 | OLD-A SER 0.127 PER 0.464 | SAVAUX SER 0.046 PER 0.155 | TRIMMER SER 0.054 PER 0.179 | UNICHIRP SER 0.417 PER 0.917 | NEW-0 SER 0.057 PER 0.167 | BCJR SER 0.037 PER 0.119
[SNR -18dB] 实测均值 -18.0 dB | PLAIN SER 0.201 PER 0.929 | OLD-A SER 0.201 PER 0.667 | SAVAUX SER 0.049 PER 0.143 | TRIMMER SER 0.059 PER 0.214 | UNICHIRP SER 0.402 PER 0.905 | NEW-0 SER 0.059 PER 0.190 | BCJR SER 0.040 PER 0.119
[SNR -19dB] 实测均值 -19.0 dB | PLAIN SER 0.290 PER 1.000 | OLD-A SER 0.290 PER 0.881 | SAVAUX SER 0.058 PER 0.167 | TRIMMER SER 0.064 PER 0.190 | UNICHIRP SER 0.402 PER 0.893 | NEW-0 SER 0.064 PER 0.167 | BCJR SER 0.040 PER 0.155
[SNR -20dB] 实测均值 -20.0 dB | PLAIN SER 0.450 PER 1.000 | OLD-A SER 0.450 PER 1.000 | SAVAUX SER 0.053 PER 0.167 | TRIMMER SER 0.067 PER 0.238 | UNICHIRP SER 0.424 PER 0.940 | NEW-0 SER 0.074 PER 0.226 | BCJR SER 0.038 PER 0.155
[SNR -21dB] 实测均值 -21.0 dB | PLAIN SER 0.583 PER 1.000 | OLD-A SER 0.583 PER 1.000 | SAVAUX SER 0.070 PER 0.202 | TRIMMER SER 0.080 PER 0.238 | UNICHIRP SER 0.428 PER 0.988 | NEW-0 SER 0.081 PER 0.274 | BCJR SER 0.050 PER 0.226
[SNR -22dB] 实测均值 -22.0 dB | PLAIN SER 0.702 PER 1.000 | OLD-A SER 0.702 PER 1.000 | SAVAUX SER 0.079 PER 0.286 | TRIMMER SER 0.112 PER 0.345 | UNICHIRP SER 0.458 PER 0.988 | NEW-0 SER 0.120 PER 0.405 | BCJR SER 0.082 PER 0.274
[SNR -23dB] 实测均值 -23.0 dB | PLAIN SER 0.798 PER 1.000 | OLD-A SER 0.798 PER 1.000 | SAVAUX SER 0.121 PER 0.452 | TRIMMER SER 0.144 PER 0.524 | UNICHIRP SER 0.475 PER 1.000 | NEW-0 SER 0.162 PER 0.571 | BCJR SER 0.113 PER 0.417
[SNR -24dB] 实测均值 -24.0 dB | PLAIN SER 0.873 PER 1.000 | OLD-A SER 0.873 PER 1.000 | SAVAUX SER 0.184 PER 0.762 | TRIMMER SER 0.244 PER 0.893 | UNICHIRP SER 0.527 PER 1.000 | NEW-0 SER 0.268 PER 0.929 | BCJR SER 0.213 PER 0.893
[SNR -25dB] 实测均值 -25.0 dB | PLAIN SER 0.911 PER 1.000 | OLD-A SER 0.911 PER 1.000 | SAVAUX SER 0.294 PER 0.893 | TRIMMER SER 0.375 PER 1.000 | UNICHIRP SER 0.604 PER 0.988 | NEW-0 SER 0.403 PER 1.000 | BCJR SER 0.340 PER 0.988
[SNR -26dB] 实测均值 -26.0 dB | PLAIN SER 0.940 PER 1.000 | OLD-A SER 0.940 PER 1.000 | SAVAUX SER 0.442 PER 0.988 | TRIMMER SER 0.522 PER 1.000 | UNICHIRP SER 0.703 PER 1.000 | NEW-0 SER 0.548 PER 1.000 | BCJR SER 0.489 PER 1.000

3303s -> results_exp1.json
